Component: ARM Compiler 5.06 update 6 (build 750) Tool: armlink [4d35ed]

==============================================================================

Section Cross References

    startup_stm32f411xe.o(STACK) refers (Special) to heapauxi.o(.text) for __use_two_region_memory
    startup_stm32f411xe.o(HEAP) refers (Special) to heapauxi.o(.text) for __use_two_region_memory
    startup_stm32f411xe.o(RESET) refers (Special) to heapauxi.o(.text) for __use_two_region_memory
    startup_stm32f411xe.o(RESET) refers to startup_stm32f411xe.o(STACK) for __initial_sp
    startup_stm32f411xe.o(RESET) refers to startup_stm32f411xe.o(.text) for Reset_Handler
    startup_stm32f411xe.o(RESET) refers to stm32f4xx_it.o(i.NMI_Handler) for NMI_Handler
    startup_stm32f411xe.o(RESET) refers to stm32f4xx_it.o(i.HardFault_Handler) for HardFault_Handler
    startup_stm32f411xe.o(RESET) refers to stm32f4xx_it.o(i.MemManage_Handler) for MemManage_Handler
    startup_stm32f411xe.o(RESET) refers to stm32f4xx_it.o(i.BusFault_Handler) for BusFault_Handler
    startup_stm32f411xe.o(RESET) refers to stm32f4xx_it.o(i.UsageFault_Handler) for UsageFault_Handler
    startup_stm32f411xe.o(RESET) refers to port.o(.emb_text) for SVC_Handler
    startup_stm32f411xe.o(RESET) refers to stm32f4xx_it.o(i.DebugMon_Handler) for DebugMon_Handler
    startup_stm32f411xe.o(RESET) refers to stm32f4xx_it.o(i.SysTick_Handler) for SysTick_Handler
    startup_stm32f411xe.o(RESET) refers to stm32f4xx_it.o(i.DMA1_Stream0_IRQHandler) for DMA1_Stream0_IRQHandler
    startup_stm32f411xe.o(RESET) refers to stm32f4xx_it.o(i.DMA1_Stream1_IRQHandler) for DMA1_Stream1_IRQHandler
    startup_stm32f411xe.o(RESET) refers to stm32f4xx_it.o(i.USART1_IRQHandler) for USART1_IRQHandler
    startup_stm32f411xe.o(RESET) refers to stm32f4xx_it.o(i.DMA2_Stream5_IRQHandler) for DMA2_Stream5_IRQHandler
    startup_stm32f411xe.o(RESET) refers to stm32f4xx_it.o(i.DMA2_Stream7_IRQHandler) for DMA2_Stream7_IRQHandler
    startup_stm32f411xe.o(.text) refers (Special) to heapauxi.o(.text) for __use_two_region_memory
    startup_stm32f411xe.o(.text) refers to system_stm32f4xx.o(i.SystemInit) for SystemInit
    startup_stm32f411xe.o(.text) refers to __main.o(!!!main) for __main
    startup_stm32f411xe.o(.text) refers to startup_stm32f411xe.o(HEAP) for Heap_Mem
    startup_stm32f411xe.o(.text) refers to startup_stm32f411xe.o(STACK) for Stack_Mem
    bluetooth.o(i.WLL_BLE240_Init) refers to stm32f4xx_hal_gpio.o(i.HAL_GPIO_WritePin) for HAL_GPIO_WritePin
    bluetooth.o(i.WLL_BLE240_Init) refers to stm32f4xx_hal.o(i.HAL_Delay) for HAL_Delay
    bluetooth.o(i.WLL_BLE240_Sleep) refers to stm32f4xx_hal_gpio.o(i.HAL_GPIO_WritePin) for HAL_GPIO_WritePin
    bluetooth.o(i.WLL_BLE240_Sleep) refers to stm32f4xx_hal.o(i.HAL_Delay) for HAL_Delay
    bluetooth.o(i.WLL_BLE240_Uart1_Rx) refers to stm32f4xx_hal_gpio.o(i.HAL_GPIO_ReadPin) for HAL_GPIO_ReadPin
    bluetooth.o(i.WLL_BLE240_Uart1_Rx) refers to stm32f4xx_hal_gpio.o(i.HAL_GPIO_WritePin) for HAL_GPIO_WritePin
    bluetooth.o(i.WLL_BLE240_Uart1_Rx) refers to stm32f4xx_hal_uart.o(i.HAL_UART_Receive) for HAL_UART_Receive
    bluetooth.o(i.WLL_BLE240_Uart1_Rx) refers to usart.o(.bss) for huart1
    bluetooth.o(i.WLL_BLE240_Uart1_Rx_IT) refers to stm32f4xx_hal_gpio.o(i.HAL_GPIO_ReadPin) for HAL_GPIO_ReadPin
    bluetooth.o(i.WLL_BLE240_Uart1_Rx_IT) refers to stm32f4xx_hal_gpio.o(i.HAL_GPIO_WritePin) for HAL_GPIO_WritePin
    bluetooth.o(i.WLL_BLE240_Uart1_Rx_IT) refers to stm32f4xx_hal_uart.o(i.HAL_UART_Receive_IT) for HAL_UART_Receive_IT
    bluetooth.o(i.WLL_BLE240_Uart1_Rx_IT) refers to usart.o(.bss) for huart1
    bluetooth.o(i.WLL_BLE240_Uart1_Tx_DMA) refers to stm32f4xx_hal_gpio.o(i.HAL_GPIO_WritePin) for HAL_GPIO_WritePin
    bluetooth.o(i.WLL_BLE240_Uart1_Tx_DMA) refers to stm32f4xx_hal_gpio.o(i.HAL_GPIO_ReadPin) for HAL_GPIO_ReadPin
    bluetooth.o(i.WLL_BLE240_Uart1_Tx_DMA) refers to stm32f4xx_hal_uart.o(i.HAL_UART_Transmit_DMA) for HAL_UART_Transmit_DMA
    bluetooth.o(i.WLL_BLE240_Uart1_Tx_DMA) refers to usart.o(.bss) for huart1
    bmx160.o(i.BMI160_Read_Byte) refers to stm32f4xx_hal_i2c.o(i.HAL_I2C_Mem_Read) for HAL_I2C_Mem_Read
    bmx160.o(i.BMI160_Read_Byte) refers to i2c.o(.bss) for hi2c1
    bmx160.o(i.BMI160_Write_Byte) refers to stm32f4xx_hal_i2c.o(i.HAL_I2C_Mem_Write) for HAL_I2C_Mem_Write
    bmx160.o(i.BMI160_Write_Byte) refers to i2c.o(.bss) for hi2c1
    bmx160.o(i.BMX160Init) refers to bmx160.o(i.BMI160_Write_Byte) for BMI160_Write_Byte
    bmx160.o(i.BMX160Init) refers to i2c.o(i.myI2C_REST) for myI2C_REST
    bmx160.o(i.BMX160Init) refers to stm32f4xx_hal.o(i.HAL_Delay) for HAL_Delay
    bmx160.o(i.BMX160Init) refers to bmx160.o(i.BMI160_Read_Byte) for BMI160_Read_Byte
    bmx160.o(i.BMX160Init) refers to bmx160.o(i.ReadRegister) for ReadRegister
    bmx160.o(i.BMX160Init) refers to bmx160.o(.bss) for .bss
    bmx160.o(i.BMX160Init) refers to i2c.o(.bss) for hi2c1
[...]
    i.MX_DMA_Init                            0x080025ac   Section        0  dma.o(i.MX_DMA_Init)
    i.MX_FREERTOS_Init                       0x08002618   Section        0  freertos.o(i.MX_FREERTOS_Init)
    i.MX_GPIO_Init                           0x08002640   Section        0  gpio.o(i.MX_GPIO_Init)
    i.MX_I2C1_Init                           0x08002730   Section        0  i2c.o(i.MX_I2C1_Init)
    i.MX_RTC_Init                            0x08002770   Section        0  rtc.o(i.MX_RTC_Init)
    i.MX_USART1_UART_Init                    0x080027a4   Section        0  usart.o(i.MX_USART1_UART_Init)
    i.MemManage_Handler                      0x080027dc   Section        0  stm32f4xx_it.o(i.MemManage_Handler)
    i.NMI_Handler                            0x080027de   Section        0  stm32f4xx_it.o(i.NMI_Handler)
    i.RTC_EnterInitMode                      0x080027e0   Section        0  stm32f4xx_hal_rtc.o(i.RTC_EnterInitMode)
    i.ReadRegister                           0x0800281c   Section        0  bmx160.o(i.ReadRegister)
    i.StartDefaultTask                       0x0800283c   Section        0  freertos.o(i.StartDefaultTask)
    i.SysTick_Handler                        0x08002aa8   Section        0  stm32f4xx_it.o(i.SysTick_Handler)
    i.SystemClock_Config                     0x08002ac0   Section        0  main.o(i.SystemClock_Config)
    i.SystemInit                             0x08002b58   Section        0  system_stm32f4xx.o(i.SystemInit)
    i.UART_DMAAbortOnError                   0x08002bac   Section        0  stm32f4xx_hal_uart.o(i.UART_DMAAbortOnError)
    UART_DMAAbortOnError                     0x08002bad   Thumb Code    16  stm32f4xx_hal_uart.o(i.UART_DMAAbortOnError)
    i.UART_DMAError                          0x08002bbc   Section        0  stm32f4xx_hal_uart.o(i.UART_DMAError)
    UART_DMAError                            0x08002bbd   Thumb Code    74  stm32f4xx_hal_uart.o(i.UART_DMAError)
    i.UART_DMAReceiveCplt                    0x08002c06   Section        0  stm32f4xx_hal_uart.o(i.UART_DMAReceiveCplt)
    UART_DMAReceiveCplt                      0x08002c07   Thumb Code    60  stm32f4xx_hal_uart.o(i.UART_DMAReceiveCplt)
    i.UART_DMARxHalfCplt                     0x08002c42   Section        0  stm32f4xx_hal_uart.o(i.UART_DMARxHalfCplt)
    UART_DMARxHalfCplt                       0x08002c43   Thumb Code    10  stm32f4xx_hal_uart.o(i.UART_DMARxHalfCplt)
    i.UART_DMATransmitCplt                   0x08002c4c   Section        0  stm32f4xx_hal_uart.o(i.UART_DMATransmitCplt)
    UART_DMATransmitCplt                     0x08002c4d   Thumb Code    46  stm32f4xx_hal_uart.o(i.UART_DMATransmitCplt)
    i.UART_DMATxHalfCplt                     0x08002c7a   Section        0  stm32f4xx_hal_uart.o(i.UART_DMATxHalfCplt)
    UART_DMATxHalfCplt                       0x08002c7b   Thumb Code    10  stm32f4xx_hal_uart.o(i.UART_DMATxHalfCplt)
    i.UART_EndRxTransfer                     0x08002c84   Section        0  stm32f4xx_hal_uart.o(i.UART_EndRxTransfer)
    UART_EndRxTransfer                       0x08002c85   Thumb Code    28  stm32f4xx_hal_uart.o(i.UART_EndRxTransfer)
    i.UART_EndTxTransfer                     0x08002ca0   Section        0  stm32f4xx_hal_uart.o(i.UART_EndTxTransfer)
    UART_EndTxTransfer                       0x08002ca1   Thumb Code    18  stm32f4xx_hal_uart.o(i.UART_EndTxTransfer)
    i.UART_Receive_IT                        0x08002cb2   Section        0  stm32f4xx_hal_uart.o(i.UART_Receive_IT)
    UART_Receive_IT                          0x08002cb3   Thumb Code   150  stm32f4xx_hal_uart.o(i.UART_Receive_IT)
    i.UART_SetConfig                         0x08002d48   Section        0  stm32f4xx_hal_uart.o(i.UART_SetConfig)
    UART_SetConfig                           0x08002d49   Thumb Code   676  stm32f4xx_hal_uart.o(i.UART_SetConfig)
    i.UART_Transmit_IT                       0x08002ff4   Section        0  stm32f4xx_hal_uart.o(i.UART_Transmit_IT)
    UART_Transmit_IT                         0x08002ff5   Thumb Code    98  stm32f4xx_hal_uart.o(i.UART_Transmit_IT)
    i.USART1_IRQHandler                      0x08003058   Section        0  stm32f4xx_it.o(i.USART1_IRQHandler)
    i.UsageFault_Handler                     0x08003064   Section        0  stm32f4xx_it.o(i.UsageFault_Handler)
    i.WLL_BLE240_Init                        0x08003068   Section        0  bluetooth.o(i.WLL_BLE240_Init)
    i.__ARM_fpclassifyf                      0x08003090   Section        0  fpclassifyf.o(i.__ARM_fpclassifyf)
    i.__NVIC_SetPriority                     0x080030b6   Section        0  stm32f4xx_hal_cortex.o(i.__NVIC_SetPriority)
    __NVIC_SetPriority                       0x080030b7   Thumb Code    32  stm32f4xx_hal_cortex.o(i.__NVIC_SetPriority)
    i.__hardfp_asinf                         0x080030d8   Section        0  asinf.o(i.__hardfp_asinf)
    i.__hardfp_atan2f                        0x08003204   Section        0  atan2f.o(i.__hardfp_atan2f)
    i.__hardfp_sqrtf                         0x08003454   Section        0  sqrtf.o(i.__hardfp_sqrtf)
    i.__mathlib_flt_infnan                   0x0800348e   Section        0  funder.o(i.__mathlib_flt_infnan)
    i.__mathlib_flt_infnan2                  0x08003494   Section        0  funder.o(i.__mathlib_flt_infnan2)
    i.__mathlib_flt_invalid                  0x0800349c   Section        0  funder.o(i.__mathlib_flt_invalid)
    i.__mathlib_flt_underflow                0x080034ac   Section        0  funder.o(i.__mathlib_flt_underflow)
    i.computeEuler                           0x080034bc   Section        0  bmx160.o(i.computeEuler)
    i.imu_solution_6axis                     0x08003708   Section        0  madgwick_bmx160.o(i.imu_solution_6axis)
    i.imu_solution_9axis                     0x08003a24   Section        0  madgwick_bmx160.o(i.imu_solution_9axis)
    i.invSqrt                                0x08003fc4   Section        0  madgwick_bmx160.o(i.invSqrt)
    i.kalmanFilter                           0x08004000   Section        0  kalman_filter.o(i.kalmanFilter)
    i.main                                   0x08004046   Section        0  main.o(i.main)
    i.makeFreeRtosPriority                   0x0800406c   Section        0  cmsis_os.o(i.makeFreeRtosPriority)
    makeFreeRtosPriority                     0x0800406d   Thumb Code    12  cmsis_os.o(i.makeFreeRtosPriority)
    i.myI2C_REST                             0x08004078   Section        0  i2c.o(i.myI2C_REST)
    i.osDelay                                0x08004200   Section        0  cmsis_os.o(i.osDelay)
    i.osKernelStart                          0x0800420e   Section        0  cmsis_os.o(i.osKernelStart)
    i.osThreadCreate                         0x08004218   Section        0  cmsis_os.o(i.osThreadCreate)
    i.prvAddCurrentTaskToDelayedList         0x08004248   Section        0  tasks.o(i.prvAddCurrentTaskToDelayedList)
    prvAddCurrentTaskToDelayedList           0x08004249   Thumb Code   102  tasks.o(i.prvAddCurrentTaskToDelayedList)
    i.prvAddNewTaskToReadyList               0x080042b8   Section        0  tasks.o(i.prvAddNewTaskToReadyList)
    prvAddNewTaskToReadyList                 0x080042b9   Thumb Code   196  tasks.o(i.prvAddNewTaskToReadyList)
    i.prvDeleteTCB                           0x08004388   Section        0  tasks.o(i.prvDeleteTCB)
    prvDeleteTCB                             0x08004389   Thumb Code    20  tasks.o(i.prvDeleteTCB)
    i.prvHeapInit                            0x0800439c   Section        0  heap_4.o(i.prvHeapInit)
    prvHeapInit                              0x0800439d   Thumb Code    66  heap_4.o(i.prvHeapInit)
    i.prvIdleTask                            0x080043e8   Section        0  tasks.o(i.prvIdleTask)
    prvIdleTask                              0x080043e9   Thumb Code    82  tasks.o(i.prvIdleTask)
    i.prvInitialiseNewTask                   0x08004448   Section        0  tasks.o(i.prvInitialiseNewTask)
    prvInitialiseNewTask                     0x08004449   Thumb Code   156  tasks.o(i.prvInitialiseNewTask)
    i.prvInsertBlockIntoFreeList             0x080044e4   Section        0  heap_4.o(i.prvInsertBlockIntoFreeList)
    prvInsertBlockIntoFreeList               0x080044e5   Thumb Code    72  heap_4.o(i.prvInsertBlockIntoFreeList)
    i.prvResetNextTaskUnblockTime            0x08004530   Section        0  tasks.o(i.prvResetNextTaskUnblockTime)
    prvResetNextTaskUnblockTime              0x08004531   Thumb Code    26  tasks.o(i.prvResetNextTaskUnblockTime)
    i.prvTaskExitError                       0x08004550   Section        0  port.o(i.prvTaskExitError)
    prvTaskExitError                         0x08004551   Thumb Code    36  port.o(i.prvTaskExitError)
    i.pvPortMalloc                           0x08004578   Section        0  heap_4.o(i.pvPortMalloc)
    i.pxPortInitialiseStack                  0x08004650   Section        0  port.o(i.pxPortInitialiseStack)
    i.sqrtf                                  0x0800467c   Section        0  sqrtf.o(i.sqrtf)
    i.uxListRemove                           0x080046ba   Section        0  list.o(i.uxListRemove)
    i.vApplicationStackOverflowHook          0x080046e0   Section        0  freertos.o(i.vApplicationStackOverflowHook)
    i.vListInitialise                        0x080046e2   Section        0  list.o(i.vListInitialise)
    i.vListInitialiseItem                    0x080046f8   Section        0  list.o(i.vListInitialiseItem)
    i.vListInsert                            0x080046fe   Section        0  list.o(i.vListInsert)
    i.vListInsertEnd                         0x0800472e   Section        0  list.o(i.vListInsertEnd)
    i.vPortEnterCritical                     0x08004748   Section        0  port.o(i.vPortEnterCritical)
    i.vPortExitCritical                      0x08004788   Section        0  port.o(i.vPortExitCritical)
    i.vPortFree                              0x080047b0   Section        0  heap_4.o(i.vPortFree)
    i.vPortSetupTimerInterrupt               0x0800480c   Section        0  port.o(i.vPortSetupTimerInterrupt)
    i.vTaskDelay                             0x08004830   Section        0  tasks.o(i.vTaskDelay)
    i.vTaskDelayUntil                        0x0800487c   Section        0  tasks.o(i.vTaskDelayUntil)
    i.vTaskStartScheduler                    0x08004908   Section        0  tasks.o(i.vTaskStartScheduler)
    i.vTaskSuspendAll                        0x08004970   Section        0  tasks.o(i.vTaskSuspendAll)
    i.vTaskSwitchContext                     0x08004980   Section        0  tasks.o(i.vTaskSwitchContext)
    i.xPortStartScheduler                    0x08004a08   Section        0  port.o(i.xPortStartScheduler)
    i.xPortSysTickHandler                    0x08004afc   Section        0  port.o(i.xPortSysTickHandler)
    i.xTaskCreate                            0x08004b28   Section        0  tasks.o(i.xTaskCreate)
    i.xTaskGetSchedulerState                 0x08004b80   Section        0  tasks.o(i.xTaskGetSchedulerState)
    i.xTaskGetTickCount                      0x08004b9c   Section        0  tasks.o(i.xTaskGetTickCount)
    i.xTaskIncrementTick                     0x08004ba8   Section        0  tasks.o(i.xTaskIncrementTick)
    i.xTaskResumeAll                         0x08004c70   Section        0  tasks.o(i.xTaskResumeAll)
    x$fpl$d2f                                0x08004d34   Section       98  d2f.o(x$fpl$d2f)
    $v0                                      0x08004d34   Number         0  d2f.o(x$fpl$d2f)
    x$fpl$dadd                               0x08004d98   Section      336  daddsub_clz.o(x$fpl$dadd)
    $v0                                      0x08004d98   Number         0  daddsub_clz.o(x$fpl$dadd)
    _dadd1                                   0x08004da9   Thumb Code     0  daddsub_clz.o(x$fpl$dadd)
    x$fpl$dmul                               0x08004ee8   Section      340  dmul.o(x$fpl$dmul)
    $v0                                      0x08004ee8   Number         0  dmul.o(x$fpl$dmul)
    x$fpl$dnaninf                            0x0800503c   Section      156  dnaninf.o(x$fpl$dnaninf)
    $v0                                      0x0800503c   Number         0  dnaninf.o(x$fpl$dnaninf)
    x$fpl$dretinf                            0x080050d8   Section       12  dretinf.o(x$fpl$dretinf)
    $v0                                      0x080050d8   Number         0  dretinf.o(x$fpl$dretinf)
    x$fpl$dsub                               0x080050e4   Section      468  daddsub_clz.o(x$fpl$dsub)
    $v0                                      0x080050e4   Number         0  daddsub_clz.o(x$fpl$dsub)
    _dsub1                                   0x080050f5   Thumb Code     0  daddsub_clz.o(x$fpl$dsub)
    x$fpl$f2d                                0x080052b8   Section       86  f2d.o(x$fpl$f2d)
    $v0                                      0x080052b8   Number         0  f2d.o(x$fpl$f2d)
    x$fpl$fnaninf                            0x0800530e   Section      140  fnaninf.o(x$fpl$fnaninf)
    $v0                                      0x0800530e   Number         0  fnaninf.o(x$fpl$fnaninf)
    x$fpl$fpinit                             0x0800539a   Section       10  fpinit.o(x$fpl$fpinit)
    $v0                                      0x0800539a   Number         0  fpinit.o(x$fpl$fpinit)
    x$fpl$fretinf                            0x080053a4   Section       10  fretinf.o(x$fpl$fretinf)
    $v0                                      0x080053a4   Number         0  fretinf.o(x$fpl$fretinf)
    x$fpl$usenofp                            0x080053ae   Section        0  usenofp.o(x$fpl$usenofp)
    .constdata                               0x080053b0   Section       20  freertos.o(.constdata)
    .constdata                               0x080053c4   Section        8  stm32f4xx_hal_dma.o(.constdata)
    flagBitshiftOffset                       0x080053c4   Data           8  stm32f4xx_hal_dma.o(.constdata)
    .constdata                               0x080053cc   Section       16  system_stm32f4xx.o(.constdata)
    .constdata                               0x080053dc   Section        8  system_stm32f4xx.o(.constdata)
    .conststring                             0x080053e4   Section       12  freertos.o(.conststring)
    .data                                    0x20000000   Section        1  bmx160.o(.data)
    .data                                    0x20000004   Section       24  kalman_filter.o(.data)
    .data                                    0x2000001c   Section       24  kalman_filter.o(.data)
    .data                                    0x20000034   Section       24  kalman_filter.o(.data)
    .data                                    0x2000004c   Section       24  kalman_filter.o(.data)
    .data                                    0x20000064   Section       24  kalman_filter.o(.data)
    .data                                    0x2000007c   Section       24  kalman_filter.o(.data)
    .data                                    0x20000094   Section       24  kalman_filter.o(.data)
    .data                                    0x200000ac   Section       24  kalman_filter.o(.data)
    .data                                    0x200000c4   Section       24  kalman_filter.o(.data)
    .data                                    0x200000dc   Section       24  kalman_filter.o(.data)
    .data                                    0x200000f4   Section       24  kalman_filter.o(.data)
    .data                                    0x2000010c   Section       24  kalman_filter.o(.data)
    .data                                    0x20000124   Section       16  madgwick_bmx160.o(.data)
    .data                                    0x20000134   Section       26  freertos.o(.data)
    xLastWakeTime                            0x2000013c   Data           4  freertos.o(.data)
    .data                                    0x20000150   Section       12  stm32f4xx_hal.o(.data)
    .data                                    0x2000015c   Section        4  system_stm32f4xx.o(.data)
    .data                                    0x20000160   Section       60  tasks.o(.data)
    pxDelayedTaskList                        0x20000164   Data           4  tasks.o(.data)
    pxOverflowDelayedTaskList                0x20000168   Data           4  tasks.o(.data)
    uxDeletedTasksWaitingCleanUp             0x2000016c   Data           4  tasks.o(.data)
    uxCurrentNumberOfTasks                   0x20000170   Data           4  tasks.o(.data)
    xTickCount                               0x20000174   Data           4  tasks.o(.data)
    uxTopReadyPriority                       0x20000178   Data           4  tasks.o(.data)
    xSchedulerRunning                        0x2000017c   Data           4  tasks.o(.data)
    uxPendedTicks                            0x20000180   Data           4  tasks.o(.data)
    xYieldPending                            0x20000184   Data           4  tasks.o(.data)
    xNumOfOverflows                          0x20000188   Data           4  tasks.o(.data)
    uxTaskNumber                             0x2000018c   Data           4  tasks.o(.data)
    xNextTaskUnblockTime                     0x20000190   Data           4  tasks.o(.data)
    xIdleTaskHandle                          0x20000194   Data           4  tasks.o(.data)
    uxSchedulerSuspended                     0x20000198   Data           4  tasks.o(.data)
    .data                                    0x2000019c   Section       24  heap_4.o(.data)
    pxEnd                                    0x2000019c   Data           4  heap_4.o(.data)
    xFreeBytesRemaining                      0x200001a0   Data           4  heap_4.o(.data)
    xMinimumEverFreeBytesRemaining           0x200001a4   Data           4  heap_4.o(.data)
    xBlockAllocatedBit                       0x200001a8   Data           4  heap_4.o(.data)
    xStart                                   0x200001ac   Data           8  heap_4.o(.data)
    .data                                    0x200001b4   Section       12  port.o(.data)
    ucMaxSysCallPriority                     0x200001b4   Data           1  port.o(.data)
    uxCriticalNesting                        0x200001b8   Data           4  port.o(.data)
    ulMaxPRIGROUPValue                       0x200001bc   Data           4  port.o(.data)
    .bss                                     0x200001c0   Section       80  bmx160.o(.bss)
    .bss                                     0x20000210   Section       12  madgwick_bmx160.o(.bss)
    .bss                                     0x2000021c   Section      200  freertos.o(.bss)
    .bss                                     0x200002e4   Section      276  i2c.o(.bss)
    .bss                                     0x200003f8   Section       32  rtc.o(.bss)
    .bss                                     0x20000418   Section      256  usart.o(.bss)
    .bss                                     0x20000518   Section      240  tasks.o(.bss)
    pxReadyTasksLists                        0x20000518   Data         140  tasks.o(.bss)
    xDelayedTaskList1                        0x200005a4   Data          20  tasks.o(.bss)
    xDelayedTaskList2                        0x200005b8   Data          20  tasks.o(.bss)
    xPendingReadyList                        0x200005cc   Data          20  tasks.o(.bss)
    xTasksWaitingTermination                 0x200005e0   Data          20  tasks.o(.bss)
    xSuspendedTaskList                       0x200005f4   Data          20  tasks.o(.bss)
    .bss                                     0x20000608   Section    81920  heap_4.o(.bss)
    ucHeap                                   0x20000608   Data       81920  heap_4.o(.bss)
    .bss                                     0x20014608   Section       96  libspace.o(.bss)
    HEAP                                     0x20014668   Section     4096  startup_stm32f411xe.o(HEAP)
    Heap_Mem                                 0x20014668   Data        4096  startup_stm32f411xe.o(HEAP)
    STACK                                    0x20015668   Section    16384  startup_stm32f411xe.o(STACK)
    Stack_Mem                                0x20015668   Data       16384  startup_stm32f411xe.o(STACK)
    __initial_sp                             0x20019668   Data           0  startup_stm32f411xe.o(STACK)

    Global Symbols

    Symbol Name                              Value     Ov Type        Size  Object(Section)

    BuildAttributes$$THM_ISAv4$E$P$D$K$B$S$7EM$VFPi3$EXTD16$VFPS$VFMA$PE$A:L22UL41UL21$X:L11$S22US41US21$IEEE1$IW$USESV6$~STKCKD$USESV7$~SHL$OTIME$ROPI$IEEEX$EBA8$UX$STANDARDLIB$REQ8$PRES8$EABIv2 0x00000000   Number         0  anon$$obj.o ABSOLUTE
    __ARM_use_no_argv                        0x00000000   Number         0  main.o ABSOLUTE
    __ARM_exceptions_init                     - Undefined Weak Reference
    __alloca_initialize                       - Undefined Weak Reference
    __arm_preinit_                            - Undefined Weak Reference
    __cpp_initialize__aeabi_                  - Undefined Weak Reference
    __cxa_finalize                            - Undefined Weak Reference
    __rt_locale                               - Undefined Weak Reference
    __sigvec_lookup                           - Undefined Weak Reference
    _atexit_init                              - Undefined Weak Reference
    _call_atexit_fns                          - Undefined Weak Reference
    _clock_init                               - Undefined Weak Reference
    _fp_trap_init                             - Undefined Weak Reference
    _fp_trap_shutdown                         - Undefined Weak Reference
    _get_lc_collate                           - Undefined Weak Reference
    _get_lc_ctype                             - Undefined Weak Reference
    _get_lc_monetary                          - Undefined Weak Reference
    _get_lc_numeric                           - Undefined Weak Reference
    _get_lc_time                              - Undefined Weak Reference
    _getenv_init                              - Undefined Weak Reference
    _handle_redirection                       - Undefined Weak Reference
    _init_alloc                               - Undefined Weak Reference
    _init_user_alloc                          - Undefined Weak Reference
    _initio                                   - Undefined Weak Reference
    _printf_mbtowc                            - Undefined Weak Reference
    _printf_post_padding                      - Undefined Weak Reference
    _printf_pre_padding                       - Undefined Weak Reference
    _printf_truncate_signed                   - Undefined Weak Reference
    _printf_truncate_unsigned                 - Undefined Weak Reference
    _rand_init                                - Undefined Weak Reference
    _signal_finish                            - Undefined Weak Reference
    _signal_init                              - Undefined Weak Reference
    _terminate_alloc                          - Undefined Weak Reference
    _terminate_user_alloc                     - Undefined Weak Reference
    _terminateio                              - Undefined Weak Reference
    __Vectors_Size                           0x00000198   Number         0  startup_stm32f411xe.o ABSOLUTE
    __Vectors                                0x08000000   Data           4  startup_stm32f411xe.o(RESET)
    __Vectors_End                            0x08000198   Data           0  startup_stm32f411xe.o(RESET)
    __main                                   0x08000199   Thumb Code     8  __main.o(!!!main)
    __scatterload                            0x080001a1   Thumb Code     0  __scatter.o(!!!scatter)
    __scatterload_rt2                        0x080001a1   Thumb Code    44  __scatter.o(!!!scatter)
    __scatterload_rt2_thumb_only             0x080001a1   Thumb Code     0  __scatter.o(!!!scatter)
    __scatterload_null                       0x080001af   Thumb Code     0  __scatter.o(!!!scatter)
    __decompress                             0x080001d5   Thumb Code    90  __dczerorl2.o(!!dczerorl2)
    __decompress1                            0x080001d5   Thumb Code     0  __dczerorl2.o(!!dczerorl2)
    __scatterload_zeroinit                   0x08000231   Thumb Code    28  __scatter_zi.o(!!handler_zi)
    __rt_lib_init                            0x0800024d   Thumb Code     0  libinit.o(.ARM.Collect$$libinit$$00000000)
    __rt_lib_init_fp_1                       0x0800024f   Thumb Code     0  libinit2.o(.ARM.Collect$$libinit$$00000001)
    __rt_lib_init_alloca_1                   0x08000253   Thumb Code     0  libinit2.o(.ARM.Collect$$libinit$$0000002E)
    __rt_lib_init_argv_1                     0x08000253   Thumb Code     0  libinit2.o(.ARM.Collect$$libinit$$0000002C)
    __rt_lib_init_atexit_1                   0x08000253   Thumb Code     0  libinit2.o(.ARM.Collect$$libinit$$0000001B)
    __rt_lib_init_clock_1                    0x08000253   Thumb Code     0  libinit2.o(.ARM.Collect$$libinit$$00000021)
    __rt_lib_init_cpp_1                      0x08000253   Thumb Code     0  libinit2.o(.ARM.Collect$$libinit$$00000032)
    __rt_lib_init_exceptions_1               0x08000253   Thumb Code     0  libinit2.o(.ARM.Collect$$libinit$$00000030)
    __rt_lib_init_fp_trap_1                  0x08000253   Thumb Code     0  libinit2.o(.ARM.Collect$$libinit$$0000001F)
    __rt_lib_init_getenv_1                   0x08000253   Thumb Code     0  libinit2.o(.ARM.Collect$$libinit$$00000023)
    __rt_lib_init_heap_1                     0x08000253   Thumb Code     0  libinit2.o(.ARM.Collect$$libinit$$0000000A)
    __rt_lib_init_lc_collate_1               0x08000253   Thumb Code     0  libinit2.o(.ARM.Collect$$libinit$$00000011)
    __rt_lib_init_lc_ctype_1                 0x08000253   Thumb Code     0  libinit2.o(.ARM.Collect$$libinit$$00000013)
    __rt_lib_init_lc_monetary_1              0x08000253   Thumb Code     0  libinit2.o(.ARM.Collect$$libinit$$00000015)
    __rt_lib_init_lc_numeric_1               0x08000253   Thumb Code     0  libinit2.o(.ARM.Collect$$libinit$$00000017)
    __rt_lib_init_lc_time_1                  0x08000253   Thumb Code     0  libinit2.o(.ARM.Collect$$libinit$$00000019)
    __rt_lib_init_preinit_1                  0x08000253   Thumb Code     0  libinit2.o(.ARM.Collect$$libinit$$00000004)
    __rt_lib_init_rand_1                     0x08000253   Thumb Code     0  libinit2.o(.ARM.Collect$$libinit$$0000000E)
    __rt_lib_init_return                     0x08000253   Thumb Code     0  libinit2.o(.ARM.Collect$$libinit$$00000033)
    __rt_lib_init_signal_1                   0x08000253   Thumb Code     0  libinit2.o(.ARM.Collect$$libinit$$0000001D)
    __rt_lib_init_stdio_1                    0x08000253   Thumb Code     0  libinit2.o(.ARM.Collect$$libinit$$00000025)
    __rt_lib_init_user_alloc_1               0x08000253   Thumb Code     0  libinit2.o(.ARM.Collect$$libinit$$0000000C)
    __rt_lib_shutdown                        0x08000255   Thumb Code     0  libshutdown.o(.ARM.Collect$$libshutdown$$00000000)
    __rt_lib_shutdown_cpp_1                  0x08000257   Thumb Code     0  libshutdown2.o(.ARM.Collect$$libshutdown$$00000002)
    __rt_lib_shutdown_fp_trap_1              0x08000257   Thumb Code     0  libshutdown2.o(.ARM.Collect$$libshutdown$$00000007)
    __rt_lib_shutdown_heap_1                 0x08000257   Thumb Code     0  libshutdown2.o(.ARM.Collect$$libshutdown$$0000000F)
    __rt_lib_shutdown_return                 0x08000257   Thumb Code     0  libshutdown2.o(.ARM.Collect$$libshutdown$$00000010)
    __rt_lib_shutdown_signal_1               0x08000257   Thumb Code     0  libshutdown2.o(.ARM.Collect$$libshutdown$$0000000A)
    __rt_lib_shutdown_stdio_1                0x08000257   Thumb Code     0  libshutdown2.o(.ARM.Collect$$libshutdown$$00000004)
    __rt_lib_shutdown_user_alloc_1           0x08000257   Thumb Code     0  libshutdown2.o(.ARM.Collect$$libshutdown$$0000000C)
    __rt_entry                               0x08000259   Thumb Code     0  __rtentry.o(.ARM.Collect$$rtentry$$00000000)
    __rt_entry_presh_1                       0x08000259   Thumb Code     0  __rtentry2.o(.ARM.Collect$$rtentry$$00000002)
    __rt_entry_sh                            0x08000259   Thumb Code     0  __rtentry4.o(.ARM.Collect$$rtentry$$00000004)
    __rt_entry_li                            0x0800025f   Thumb Code     0  __rtentry2.o(.ARM.Collect$$rtentry$$0000000A)
    __rt_entry_postsh_1                      0x0800025f   Thumb Code     0  __rtentry2.o(.ARM.Collect$$rtentry$$00000009)
    __rt_entry_main                          0x08000263   Thumb Code     0  __rtentry2.o(.ARM.Collect$$rtentry$$0000000D)
    __rt_entry_postli_1                      0x08000263   Thumb Code     0  __rtentry2.o(.ARM.Collect$$rtentry$$0000000C)
    __rt_exit                                0x0800026b   Thumb Code     0  rtexit.o(.ARM.Collect$$rtexit$$00000000)
    __rt_exit_ls                             0x0800026d   Thumb Code     0  rtexit2.o(.ARM.Collect$$rtexit$$00000003)
    __rt_exit_prels_1                        0x0800026d   Thumb Code     0  rtexit2.o(.ARM.Collect$$rtexit$$00000002)
    __rt_exit_exit                           0x08000271   Thumb Code     0  rtexit2.o(.ARM.Collect$$rtexit$$00000004)
    SVC_Handler                              0x08000279   Thumb Code    28  port.o(.emb_text)
    __asm___6_port_c_39a90d8d__prvStartFirstTask 0x08000299   Thumb Code    36  port.o(.emb_text)
    __asm___6_port_c_39a90d8d__prvEnableVFP  0x080002c1   Thumb Code    16  port.o(.emb_text)
    PendSV_Handler                           0x080002d5   Thumb Code    88  port.o(.emb_text)
    vPortGetIPSR                             0x08000331   Thumb Code     6  port.o(.emb_text)
    Reset_Handler                            0x08000339   Thumb Code     8  startup_stm32f411xe.o(.text)
    ADC_IRQHandler                           0x08000353   Thumb Code     0  startup_stm32f411xe.o(.text)
    DMA1_Stream2_IRQHandler                  0x08000353   Thumb Code     0  startup_stm32f411xe.o(.text)
    DMA1_Stream3_IRQHandler                  0x08000353   Thumb Code     0  startup_stm32f411xe.o(.text)
    DMA1_Stream4_IRQHandler                  0x08000353   Thumb Code     0  startup_stm32f411xe.o(.text)
    DMA1_Stream5_IRQHandler                  0x08000353   Thumb Code     0  startup_stm32f411xe.o(.text)
    DMA1_Stream6_IRQHandler                  0x08000353   Thumb Code     0  startup_stm32f411xe.o(.text)
    DMA1_Stream7_IRQHandler                  0x08000353   Thumb Code     0  startup_stm32f411xe.o(.text)
    DMA2_Stream0_IRQHandler                  0x08000353   Thumb Code     0  startup_stm32f411xe.o(.text)
    DMA2_Stream1_IRQHandler                  0x08000353   Thumb Code     0  startup_stm32f411xe.o(.text)
    DMA2_Stream2_IRQHandler                  0x08000353   Thumb Code     0  startup_stm32f411xe.o(.text)
    DMA2_Stream3_IRQHandler                  0x08000353   Thumb Code     0  startup_stm32f411xe.o(.text)
    DMA2_Stream4_IRQHandler                  0x08000353   Thumb Code     0  startup_stm32f411xe.o(.text)
    DMA2_Stream6_IRQHandler                  0x08000353   Thumb Code     0  startup_stm32f411xe.o(.text)
    EXTI0_IRQHandler                         0x08000353   Thumb Code     0  startup_stm32f411xe.o(.text)
    EXTI15_10_IRQHandler                     0x08000353   Thumb Code     0  startup_stm32f411xe.o(.text)
    EXTI1_IRQHandler                         0x08000353   Thumb Code     0  startup_stm32f411xe.o(.text)
    EXTI2_IRQHandler                         0x08000353   Thumb Code     0  startup_stm32f411xe.o(.text)
    EXTI3_IRQHandler                         0x08000353   Thumb Code     0  startup_stm32f411xe.o(.text)
    EXTI4_IRQHandler                         0x08000353   Thumb Code     0  startup_stm32f411xe.o(.text)
    EXTI9_5_IRQHandler                       0x08000353   Thumb Code     0  startup_stm32f411xe.o(.text)
    FLASH_IRQHandler                         0x08000353   Thumb Code     0  startup_stm32f411xe.o(.text)
    FPU_IRQHandler                           0x08000353   Thumb Code     0  startup_stm32f411xe.o(.text)
    I2C1_ER_IRQHandler                       0x08000353   Thumb Code     0  startup_stm32f411xe.o(.text)
    I2C1_EV_IRQHandler                       0x08000353   Thumb Code     0  startup_stm32f411xe.o(.text)
    I2C2_ER_IRQHandler                       0x08000353   Thumb Code     0  startup_stm32f411xe.o(.text)
    I2C2_EV_IRQHandler                       0x08000353   Thumb Code     0  startup_stm32f411xe.o(.text)
    I2C3_ER_IRQHandler                       0x08000353   Thumb Code     0  startup_stm32f411xe.o(.text)
    I2C3_EV_IRQHandler                       0x08000353   Thumb Code     0  startup_stm32f411xe.o(.text)
    OTG_FS_IRQHandler                        0x08000353   Thumb Code     0  startup_stm32f411xe.o(.text)
    OTG_FS_WKUP_IRQHandler                   0x08000353   Thumb Code     0  startup_stm32f411xe.o(.text)
    PVD_IRQHandler                           0x08000353   Thumb Code     0  startup_stm32f411xe.o(.text)
    RCC_IRQHandler                           0x08000353   Thumb Code     0  startup_stm32f411xe.o(.text)
    RTC_Alarm_IRQHandler                     0x08000353   Thumb Code     0  startup_stm32f411xe.o(.text)
    RTC_WKUP_IRQHandler                      0x08000353   Thumb Code     0  startup_stm32f411xe.o(.text)
    SDIO_IRQHandler                          0x08000353   Thumb Code     0  startup_stm32f411xe.o(.text)
    SPI1_IRQHandler                          0x08000353   Thumb Code     0  startup_stm32f411xe.o(.text)
    SPI2_IRQHandler                          0x08000353   Thumb Code     0  startup_stm32f411xe.o(.text)
    SPI3_IRQHandler                          0x08000353   Thumb Code     0  startup_stm32f411xe.o(.text)
    SPI4_IRQHandler                          0x08000353   Thumb Code     0  startup_stm32f411xe.o(.text)
    SPI5_IRQHandler                          0x08000353   Thumb Code     0  startup_stm32f411xe.o(.text)
    TAMP_STAMP_IRQHandler                    0x08000353   Thumb Code     0  startup_stm32f411xe.o(.text)
    TIM1_BRK_TIM9_IRQHandler                 0x08000353   Thumb Code     0  startup_stm32f411xe.o(.text)
    TIM1_CC_IRQHandler                       0x08000353   Thumb Code     0  startup_stm32f411xe.o(.text)
    TIM1_TRG_COM_TIM11_IRQHandler            0x08000353   Thumb Code     0  startup_stm32f411xe.o(.text)
    TIM1_UP_TIM10_IRQHandler                 0x08000353   Thumb Code     0  startup_stm32f411xe.o(.text)
    TIM2_IRQHandler                          0x08000353   Thumb Code     0  startup_stm32f411xe.o(.text)
    TIM3_IRQHandler                          0x08000353   Thumb Code     0  startup_stm32f411xe.o(.text)
    TIM4_IRQHandler                          0x08000353   Thumb Code     0  startup_stm32f411xe.o(.text)
    TIM5_IRQHandler                          0x08000353   Thumb Code     0  startup_stm32f411xe.o(.text)
    USART2_IRQHandler                        0x08000353   Thumb Code     0  startup_stm32f411xe.o(.text)
    USART6_IRQHandler                        0x08000353   Thumb Code     0  startup_stm32f411xe.o(.text)
    WWDG_IRQHandler                          0x08000353   Thumb Code     0  startup_stm32f411xe.o(.text)
    __user_initial_stackheap                 0x08000355   Thumb Code     0  startup_stm32f411xe.o(.text)
    __aeabi_uldivmod                         0x08000379   Thumb Code     0  lludivv7m.o(.text)
    _ll_udiv                                 0x08000379   Thumb Code   238  lludivv7m.o(.text)
    __aeabi_memcpy4                          0x08000467   Thumb Code     0  rt_memcpy_w.o(.text)
    __aeabi_memcpy8                          0x08000467   Thumb Code     0  rt_memcpy_w.o(.text)
    __rt_memcpy_w                            0x08000467   Thumb Code   100  rt_memcpy_w.o(.text)
    _memcpy_lastbytes_aligned                0x080004af   Thumb Code     0  rt_memcpy_w.o(.text)
    __aeabi_memset                           0x080004cb   Thumb Code    16  aeabi_memset.o(.text)
    __aeabi_memclr                           0x080004db   Thumb Code     0  rt_memclr.o(.text)
    __rt_memclr                              0x080004db   Thumb Code    68  rt_memclr.o(.text)
    _memset                                  0x080004df   Thumb Code     0  rt_memclr.o(.text)
    __aeabi_memclr4                          0x0800051f   Thumb Code     0  rt_memclr_w.o(.text)
    __aeabi_memclr8                          0x0800051f   Thumb Code     0  rt_memclr_w.o(.text)
    __rt_memclr_w                            0x0800051f   Thumb Code    78  rt_memclr_w.o(.text)
    _memset_w                                0x08000523   Thumb Code     0  rt_memclr_w.o(.text)
    __use_two_region_memory                  0x0800056d   Thumb Code     2  heapauxi.o(.text)
    __rt_heap_escrow$2region                 0x0800056f   Thumb Code     2  heapauxi.o(.text)
    __rt_heap_expand$2region                 0x08000571   Thumb Code     2  heapauxi.o(.text)
    __read_errno                             0x08000573   Thumb Code    10  _rserrno.o(.text)
    __set_errno                              0x0800057d   Thumb Code    12  _rserrno.o(.text)
    __aeabi_errno_addr                       0x08000589   Thumb Code     8  rt_errno_addr_intlibspace.o(.text)
    __errno$intlibspace                      0x08000589   Thumb Code     0  rt_errno_addr_intlibspace.o(.text)
    __rt_errno_addr$intlibspace              0x08000589   Thumb Code     0  rt_errno_addr_intlibspace.o(.text)
    __user_libspace                          0x08000591   Thumb Code     8  libspace.o(.text)
    __user_perproc_libspace                  0x08000591   Thumb Code     0  libspace.o(.text)
    __user_perthread_libspace                0x08000591   Thumb Code     0  libspace.o(.text)
    __user_setup_stackheap                   0x08000599   Thumb Code    74  sys_stackheap_outer.o(.text)
    exit                                     0x080005e3   Thumb Code    18  exit.o(.text)
    _sys_exit                                0x080005f5   Thumb Code     8  sys_exit.o(.text)
    __I$use$semihosting                      0x08000601   Thumb Code     0  use_no_semi.o(.text)
    __use_no_semihosting_swi                 0x08000601   Thumb Code     2  use_no_semi.o(.text)
    __semihosting_library_function           0x08000603   Thumb Code     0  indicate_semi.o(.text)
    BMI160_Read_Byte                         0x08000605   Thumb Code    38  bmx160.o(i.BMI160_Read_Byte)
    BMI160_Write_Byte                        0x08000631   Thumb Code    32  bmx160.o(i.BMI160_Write_Byte)
    BMX160Init                               0x08000655   Thumb Code   520  bmx160.o(i.BMX160Init)
    BusFault_Handler                         0x08000881   Thumb Code     2  stm32f4xx_it.o(i.BusFault_Handler)
    Calibration_Mag                          0x08000885   Thumb Code   424  bmx160.o(i.Calibration_Mag)
    DMA1_Stream0_IRQHandler                  0x08000a45   Thumb Code     6  stm32f4xx_it.o(i.DMA1_Stream0_IRQHandler)
    DMA1_Stream1_IRQHandler                  0x08000a51   Thumb Code     6  stm32f4xx_it.o(i.DMA1_Stream1_IRQHandler)
    DMA2_Stream5_IRQHandler                  0x08000a5d   Thumb Code     6  stm32f4xx_it.o(i.DMA2_Stream5_IRQHandler)
    DMA2_Stream7_IRQHandler                  0x08000a69   Thumb Code     6  stm32f4xx_it.o(i.DMA2_Stream7_IRQHandler)
    DebugMon_Handler                         0x08000b19   Thumb Code     2  stm32f4xx_it.o(i.DebugMon_Handler)
    Error_Handler                            0x08000b1b   Thumb Code     2  main.o(i.Error_Handler)
    HAL_DMA_Abort_IT                         0x08000b1d   Thumb Code    36  stm32f4xx_hal_dma.o(i.HAL_DMA_Abort_IT)
    HAL_DMA_IRQHandler                       0x08000b41   Thumb Code   412  stm32f4xx_hal_dma.o(i.HAL_DMA_IRQHandler)
    HAL_DMA_Init                             0x08000ce1   Thumb Code   206  stm32f4xx_hal_dma.o(i.HAL_DMA_Init)
    HAL_DMA_Start_IT                         0x08000db5   Thumb Code   120  stm32f4xx_hal_dma.o(i.HAL_DMA_Start_IT)
    HAL_Delay                                0x08000e2d   Thumb Code    32  stm32f4xx_hal.o(i.HAL_Delay)
    HAL_GPIO_Init                            0x08000e51   Thumb Code   358  stm32f4xx_hal_gpio.o(i.HAL_GPIO_Init)
    HAL_GPIO_ReadPin                         0x08000fd9   Thumb Code    10  stm32f4xx_hal_gpio.o(i.HAL_GPIO_ReadPin)
    HAL_GPIO_TogglePin                       0x08000fe3   Thumb Code    14  stm32f4xx_hal_gpio.o(i.HAL_GPIO_TogglePin)
    HAL_GPIO_WritePin                        0x08000ff1   Thumb Code    10  stm32f4xx_hal_gpio.o(i.HAL_GPIO_WritePin)
    HAL_GetTick                              0x08000ffd   Thumb Code     6  stm32f4xx_hal.o(i.HAL_GetTick)
    HAL_I2C_Init                             0x08001009   Thumb Code   356  stm32f4xx_hal_i2c.o(i.HAL_I2C_Init)
    HAL_I2C_Mem_Read                         0x0800117d   Thumb Code   490  stm32f4xx_hal_i2c.o(i.HAL_I2C_Mem_Read)
    HAL_I2C_Mem_Write                        0x08001375   Thumb Code   294  stm32f4xx_hal_i2c.o(i.HAL_I2C_Mem_Write)
    HAL_I2C_MspInit                          0x080014a5   Thumb Code   192  i2c.o(i.HAL_I2C_MspInit)
    HAL_IncTick                              0x08001579   Thumb Code    12  stm32f4xx_hal.o(i.HAL_IncTick)
    HAL_Init                                 0x08001589   Thumb Code    48  stm32f4xx_hal.o(i.HAL_Init)
    HAL_InitTick                             0x080015bd   Thumb Code    54  stm32f4xx_hal.o(i.HAL_InitTick)
    HAL_MspInit                              0x080015fd   Thumb Code    52  stm32f4xx_hal_msp.o(i.HAL_MspInit)
    HAL_NVIC_EnableIRQ                       0x08001635   Thumb Code    26  stm32f4xx_hal_cortex.o(i.HAL_NVIC_EnableIRQ)
    HAL_NVIC_SetPriority                     0x08001651   Thumb Code    60  stm32f4xx_hal_cortex.o(i.HAL_NVIC_SetPriority)
    HAL_NVIC_SetPriorityGrouping             0x08001691   Thumb Code    26  stm32f4xx_hal_cortex.o(i.HAL_NVIC_SetPriorityGrouping)
    HAL_RCCEx_PeriphCLKConfig                0x080016b5   Thumb Code   314  stm32f4xx_hal_rcc_ex.o(i.HAL_RCCEx_PeriphCLKConfig)
    HAL_RCC_ClockConfig                      0x08001809   Thumb Code   286  stm32f4xx_hal_rcc.o(i.HAL_RCC_ClockConfig)
    HAL_RCC_GetPCLK1Freq                     0x08001939   Thumb Code    20  stm32f4xx_hal_rcc.o(i.HAL_RCC_GetPCLK1Freq)
    HAL_RCC_GetPCLK2Freq                     0x08001959   Thumb Code    20  stm32f4xx_hal_rcc.o(i.HAL_RCC_GetPCLK2Freq)
    HAL_RCC_GetSysClockFreq                  0x08001979   Thumb Code    88  stm32f4xx_hal_rcc.o(i.HAL_RCC_GetSysClockFreq)
    HAL_RCC_OscConfig                        0x080019dd   Thumb Code   770  stm32f4xx_hal_rcc.o(i.HAL_RCC_OscConfig)
    HAL_RTC_Init                             0x08001cf9   Thumb Code   166  stm32f4xx_hal_rtc.o(i.HAL_RTC_Init)
    HAL_RTC_MspInit                          0x08001da5   Thumb Code    16  rtc.o(i.HAL_RTC_MspInit)
    HAL_RTC_WaitForSynchro                   0x08001dbd   Thumb Code    54  stm32f4xx_hal_rtc.o(i.HAL_RTC_WaitForSynchro)
    HAL_SYSTICK_Config                       0x08001df3   Thumb Code    40  stm32f4xx_hal_cortex.o(i.HAL_SYSTICK_Config)
    HAL_UART_ErrorCallback                   0x08001e1b   Thumb Code     2  stm32f4xx_hal_uart.o(i.HAL_UART_ErrorCallback)
    HAL_UART_IRQHandler                      0x08001e1d   Thumb Code   266  stm32f4xx_hal_uart.o(i.HAL_UART_IRQHandler)
    HAL_UART_Init                            0x08001f2d   Thumb Code    98  stm32f4xx_hal_uart.o(i.HAL_UART_Init)
    HAL_UART_MspInit                         0x08001f91   Thumb Code   214  usart.o(i.HAL_UART_MspInit)
    HAL_UART_Receive_DMA                     0x0800207d   Thumb Code   138  stm32f4xx_hal_uart.o(i.HAL_UART_Receive_DMA)
    HAL_UART_RxCpltCallback                  0x08002115   Thumb Code    94  freertos.o(i.HAL_UART_RxCpltCallback)
    HAL_UART_RxHalfCpltCallback              0x0800217d   Thumb Code     2  stm32f4xx_hal_uart.o(i.HAL_UART_RxHalfCpltCallback)
    HAL_UART_Transmit_DMA                    0x08002181   Thumb Code   114  stm32f4xx_hal_uart.o(i.HAL_UART_Transmit_DMA)
    HAL_UART_TxCpltCallback                  0x08002201   Thumb Code     2  stm32f4xx_hal_uart.o(i.HAL_UART_TxCpltCallback)
    HAL_UART_TxHalfCpltCallback              0x08002203   Thumb Code     2  stm32f4xx_hal_uart.o(i.HAL_UART_TxHalfCpltCallback)
    HardFault_Handler                        0x08002205   Thumb Code     2  stm32f4xx_it.o(i.HardFault_Handler)
    MX_DMA_Init                              0x080025ad   Thumb Code   104  dma.o(i.MX_DMA_Init)
    MX_FREERTOS_Init                         0x08002619   Thumb Code    30  freertos.o(i.MX_FREERTOS_Init)
    MX_GPIO_Init                             0x08002641   Thumb Code   218  gpio.o(i.MX_GPIO_Init)
    MX_I2C1_Init                             0x08002731   Thumb Code    50  i2c.o(i.MX_I2C1_Init)
    MX_RTC_Init                              0x08002771   Thumb Code    44  rtc.o(i.MX_RTC_Init)
    MX_USART1_UART_Init                      0x080027a5   Thumb Code    48  usart.o(i.MX_USART1_UART_Init)
    MemManage_Handler                        0x080027dd   Thumb Code     2  stm32f4xx_it.o(i.MemManage_Handler)
    NMI_Handler                              0x080027df   Thumb Code     2  stm32f4xx_it.o(i.NMI_Handler)
    RTC_EnterInitMode                        0x080027e1   Thumb Code    58  stm32f4xx_hal_rtc.o(i.RTC_EnterInitMode)
    ReadRegister                             0x0800281d   Thumb Code    26  bmx160.o(i.ReadRegister)
    StartDefaultTask                         0x0800283d   Thumb Code   556  freertos.o(i.StartDefaultTask)
    SysTick_Handler                          0x08002aa9   Thumb Code    24  stm32f4xx_it.o(i.SysTick_Handler)
    SystemClock_Config                       0x08002ac1   Thumb Code   144  main.o(i.SystemClock_Config)
    SystemInit                               0x08002b59   Thumb Code    66  system_stm32f4xx.o(i.SystemInit)
    USART1_IRQHandler                        0x08003059   Thumb Code     6  stm32f4xx_it.o(i.USART1_IRQHandler)
    UsageFault_Handler                       0x08003065   Thumb Code     2  stm32f4xx_it.o(i.UsageFault_Handler)
    WLL_BLE240_Init                          0x08003069   Thumb Code    32  bluetooth.o(i.WLL_BLE240_Init)
    __ARM_fpclassifyf                        0x08003091   Thumb Code    38  fpclassifyf.o(i.__ARM_fpclassifyf)
    __hardfp_asinf                           0x080030d9   Thumb Code   258  asinf.o(i.__hardfp_asinf)
    __hardfp_atan2f                          0x08003205   Thumb Code   502  atan2f.o(i.__hardfp_atan2f)
    __hardfp_sqrtf                           0x08003455   Thumb Code    58  sqrtf.o(i.__hardfp_sqrtf)
    __mathlib_flt_infnan                     0x0800348f   Thumb Code     6  funder.o(i.__mathlib_flt_infnan)
    __mathlib_flt_infnan2                    0x08003495   Thumb Code     6  funder.o(i.__mathlib_flt_infnan2)
    __mathlib_flt_invalid                    0x0800349d   Thumb Code    10  funder.o(i.__mathlib_flt_invalid)
    __mathlib_flt_underflow                  0x080034ad   Thumb Code    10  funder.o(i.__mathlib_flt_underflow)
    computeEuler                             0x080034bd   Thumb Code   508  bmx160.o(i.computeEuler)
    imu_solution_6axis                       0x08003709   Thumb Code   768  madgwick_bmx160.o(i.imu_solution_6axis)
    imu_solution_9axis                       0x08003a25   Thumb Code  1422  madgwick_bmx160.o(i.imu_solution_9axis)
    invSqrt                                  0x08003fc5   Thumb Code    56  madgwick_bmx160.o(i.invSqrt)
    kalmanFilter                             0x08004001   Thumb Code    70  kalman_filter.o(i.kalmanFilter)
    main                                     0x08004047   Thumb Code    38  main.o(i.main)
    myI2C_REST                               0x08004079   Thumb Code   380  i2c.o(i.myI2C_REST)
    osDelay                                  0x08004201   Thumb Code    14  cmsis_os.o(i.osDelay)
    osKernelStart                            0x0800420f   Thumb Code    10  cmsis_os.o(i.osKernelStart)
    osThreadCreate                           0x08004219   Thumb Code    46  cmsis_os.o(i.osThreadCreate)
    pvPortMalloc                             0x08004579   Thumb Code   210  heap_4.o(i.pvPortMalloc)
    pxPortInitialiseStack                    0x08004651   Thumb Code    40  port.o(i.pxPortInitialiseStack)
    sqrtf                                    0x0800467d   Thumb Code    62  sqrtf.o(i.sqrtf)
    uxListRemove                             0x080046bb   Thumb Code    38  list.o(i.uxListRemove)
    vApplicationStackOverflowHook            0x080046e1   Thumb Code     2  freertos.o(i.vApplicationStackOverflowHook)
    vListInitialise                          0x080046e3   Thumb Code    22  list.o(i.vListInitialise)
    vListInitialiseItem                      0x080046f9   Thumb Code     6  list.o(i.vListInitialiseItem)
    vListInsert                              0x080046ff   Thumb Code    48  list.o(i.vListInsert)
    vListInsertEnd                           0x0800472f   Thumb Code    24  list.o(i.vListInsertEnd)
    vPortEnterCritical                       0x08004749   Thumb Code    54  port.o(i.vPortEnterCritical)
    vPortExitCritical                        0x08004789   Thumb Code    34  port.o(i.vPortExitCritical)
    vPortFree                                0x080047b1   Thumb Code    88  heap_4.o(i.vPortFree)
    vPortSetupTimerInterrupt                 0x0800480d   Thumb Code    32  port.o(i.vPortSetupTimerInterrupt)
    vTaskDelay                               0x08004831   Thumb Code    66  tasks.o(i.vTaskDelay)
    vTaskDelayUntil                          0x0800487d   Thumb Code   132  tasks.o(i.vTaskDelayUntil)
    vTaskStartScheduler                      0x08004909   Thumb Code    86  tasks.o(i.vTaskStartScheduler)
    vTaskSuspendAll                          0x08004971   Thumb Code    10  tasks.o(i.vTaskSuspendAll)
    vTaskSwitchContext                       0x08004981   Thumb Code   126  tasks.o(i.vTaskSwitchContext)
    xPortStartScheduler                      0x08004a09   Thumb Code   222  port.o(i.xPortStartScheduler)
    xPortSysTickHandler                      0x08004afd   Thumb Code    38  port.o(i.xPortSysTickHandler)
    xTaskCreate                              0x08004b29   Thumb Code    86  tasks.o(i.xTaskCreate)
    xTaskGetSchedulerState                   0x08004b81   Thumb Code    22  tasks.o(i.xTaskGetSchedulerState)
    xTaskGetTickCount                        0x08004b9d   Thumb Code     6  tasks.o(i.xTaskGetTickCount)
    xTaskIncrementTick                       0x08004ba9   Thumb Code   192  tasks.o(i.xTaskIncrementTick)
    xTaskResumeAll                           0x08004c71   Thumb Code   182  tasks.o(i.xTaskResumeAll)
    __aeabi_d2f                              0x08004d35   Thumb Code     0  d2f.o(x$fpl$d2f)
    _d2f                                     0x08004d35   Thumb Code    98  d2f.o(x$fpl$d2f)
    __aeabi_dadd                             0x08004d99   Thumb Code     0  daddsub_clz.o(x$fpl$dadd)
    _dadd                                    0x08004d99   Thumb Code   332  daddsub_clz.o(x$fpl$dadd)
    __aeabi_dmul                             0x08004ee9   Thumb Code     0  dmul.o(x$fpl$dmul)
    _dmul                                    0x08004ee9   Thumb Code   332  dmul.o(x$fpl$dmul)
    __fpl_dnaninf                            0x0800503d   Thumb Code   156  dnaninf.o(x$fpl$dnaninf)
    __fpl_dretinf                            0x080050d9   Thumb Code    12  dretinf.o(x$fpl$dretinf)
    __aeabi_dsub                             0x080050e5   Thumb Code     0  daddsub_clz.o(x$fpl$dsub)
    _dsub                                    0x080050e5   Thumb Code   464  daddsub_clz.o(x$fpl$dsub)
    __aeabi_f2d                              0x080052b9   Thumb Code     0  f2d.o(x$fpl$f2d)
    _f2d                                     0x080052b9   Thumb Code    86  f2d.o(x$fpl$f2d)
    __fpl_fnaninf                            0x0800530f   Thumb Code   140  fnaninf.o(x$fpl$fnaninf)
    _fp_init                                 0x0800539b   Thumb Code    10  fpinit.o(x$fpl$fpinit)
    __fplib_config_fpu_vfp                   0x080053a3   Thumb Code     0  fpinit.o(x$fpl$fpinit)
    __fplib_config_pureend_doubles           0x080053a3   Thumb Code     0  fpinit.o(x$fpl$fpinit)
    __fpl_fretinf                            0x080053a5   Thumb Code    10  fretinf.o(x$fpl$fretinf)
    __I$use$fp                               0x080053ae   Number         0  usenofp.o(x$fpl$usenofp)
    AHBPrescTable                            0x080053cc   Data          16  system_stm32f4xx.o(.constdata)
    APBPrescTable                            0x080053dc   Data           8  system_stm32f4xx.o(.constdata)
    Region$$Table$$Base                      0x080053f0   Number         0  anon$$obj.o(Region$$Table)
    Region$$Table$$Limit                     0x08005410   Number         0  anon$$obj.o(Region$$Table)
    read_status                              0x20000000   Data           1  bmx160.o(.data)
    KFP_accel_x                              0x20000004   Data          24  kalman_filter.o(.data)
    KFP_accel_y                              0x2000001c   Data          24  kalman_filter.o(.data)
    KFP_accel_z                              0x20000034   Data          24  kalman_filter.o(.data)
    KFP_gyro_x                               0x2000004c   Data          24  kalman_filter.o(.data)
    KFP_gyro_y                               0x20000064   Data          24  kalman_filter.o(.data)
    KFP_gyro_z                               0x2000007c   Data          24  kalman_filter.o(.data)
    KFP_mag_x                                0x20000094   Data          24  kalman_filter.o(.data)
    KFP_mag_y                                0x200000ac   Data          24  kalman_filter.o(.data)
    KFP_mag_z                                0x200000c4   Data          24  kalman_filter.o(.data)
    KFP_pitch                                0x200000dc   Data          24  kalman_filter.o(.data)
    KFP_yaw                                  0x200000f4   Data          24  kalman_filter.o(.data)
    KFP_roll                                 0x2000010c   Data          24  kalman_filter.o(.data)
    q0                                       0x20000124   Data           4  madgwick_bmx160.o(.data)
    q1                                       0x20000128   Data           4  madgwick_bmx160.o(.data)
    q2                                       0x2000012c   Data           4  madgwick_bmx160.o(.data)
    q3                                       0x20000130   Data           4  madgwick_bmx160.o(.data)
    g_bleReceiveFlag                         0x20000134   Data           1  freertos.o(.data)
    is6Axis                                  0x20000135   Data           1  freertos.o(.data)
    computeCount                             0x20000138   Data           4  freertos.o(.data)
    defaultTaskHandle                        0x20000140   Data           4  freertos.o(.data)
    g_bleReceiveBuffer                       0x20000144   Data           5  freertos.o(.data)
    g_bleReceiveArray                        0x20000149   Data           5  freertos.o(.data)
    uwTickFreq                               0x20000150   Data           1  stm32f4xx_hal.o(.data)
    uwTickPrio                               0x20000154   Data           4  stm32f4xx_hal.o(.data)
    uwTick                                   0x20000158   Data           4  stm32f4xx_hal.o(.data)
    SystemCoreClock                          0x2000015c   Data           4  system_stm32f4xx.o(.data)
    pxCurrentTCB                             0x20000160   Data           4  tasks.o(.data)
    g_imuData                                0x200001c0   Data          20  bmx160.o(.bss)
    mag_offset                               0x200001d4   Data          12  bmx160.o(.bss)
    mag_scale                                0x200001e0   Data          12  bmx160.o(.bss)
    _accel_filter_value                      0x200001ec   Data          12  bmx160.o(.bss)
    _gyro_filter_value                       0x200001f8   Data          12  bmx160.o(.bss)
    _mag_filter_value                        0x20000204   Data          12  bmx160.o(.bss)
    euler_angle                              0x20000210   Data          12  madgwick_bmx160.o(.bss)
    g_bleSendArray                           0x2000021c   Data         200  freertos.o(.bss)
    hi2c1                                    0x200002e4   Data          84  i2c.o(.bss)
    hdma_i2c1_tx                             0x20000338   Data          96  i2c.o(.bss)
    hdma_i2c1_rx                             0x20000398   Data          96  i2c.o(.bss)
    hrtc                                     0x200003f8   Data          32  rtc.o(.bss)
    huart1                                   0x20000418   Data          64  usart.o(.bss)
    hdma_usart1_tx                           0x20000458   Data          96  usart.o(.bss)
    hdma_usart1_rx                           0x200004b8   Data          96  usart.o(.bss)
    __libspace_start                         0x20014608   Data          96  libspace.o(.bss)
    __temporary_stack_top$libspace           0x20014668   Data           0  libspace.o(.bss)



==============================================================================

Memory Map of the image

  Image Entry point : 0x08000199

  Load Region LR_IROM1 (Base: 0x08000000, Size: 0x000055d0, Max: 0x00080000, ABSOLUTE, COMPRESSED[0x0000545c])

    Execution Region ER_IROM1 (Exec base: 0x08000000, Load base: 0x08000000, Size: 0x00005410, Max: 0x00080000, ABSOLUTE)

    Exec Addr    Load Addr    Size         Type   Attr      Idx    E Section Name        Object

    0x08000000   0x08000000   0x00000198   Data   RO            3    RESET               startup_stm32f411xe.o
    0x08000198   0x08000198   0x00000008   Code   RO         4597  * !!!main             c_w.l(__main.o)
    0x080001a0   0x080001a0   0x00000034   Code   RO         4857    !!!scatter          c_w.l(__scatter.o)
    0x080001d4   0x080001d4   0x0000005a   Code   RO         4855    !!dczerorl2         c_w.l(__dczerorl2.o)
    0x0800022e   0x0800022e   0x00000002   PAD
    0x08000230   0x08000230   0x0000001c   Code   RO         4859    !!handler_zi        c_w.l(__scatter_zi.o)
    0x0800024c   0x0800024c   0x00000002   Code   RO         4728    .ARM.Collect$$libinit$$00000000  c_w.l(libinit.o)
    0x0800024e   0x0800024e   0x00000004   Code   RO         4737    .ARM.Collect$$libinit$$00000001  c_w.l(libinit2.o)
    0x08000252   0x08000252   0x00000000   Code   RO         4740    .ARM.Collect$$libinit$$00000004  c_w.l(libinit2.o)
    0x08000252   0x08000252   0x00000000   Code   RO         4743    .ARM.Collect$$libinit$$0000000A  c_w.l(libinit2.o)
    0x08000252   0x08000252   0x00000000   Code   RO         4745    .ARM.Collect$$libinit$$0000000C  c_w.l(libinit2.o)
    0x08000252   0x08000252   0x00000000   Code   RO         4747    .ARM.Collect$$libinit$$0000000E  c_w.l(libinit2.o)
    0x08000252   0x08000252   0x00000000   Code   RO         4750    .ARM.Collect$$libinit$$00000011  c_w.l(libinit2.o)
    0x08000252   0x08000252   0x00000000   Code   RO         4752    .ARM.Collect$$libinit$$00000013  c_w.l(libinit2.o)
    0x08000252   0x08000252   0x00000000   Code   RO         4754    .ARM.Collect$$libinit$$00000015  c_w.l(libinit2.o)
    0x08000252   0x08000252   0x00000000   Code   RO         4756    .ARM.Collect$$libinit$$00000017  c_w.l(libinit2.o)
    0x08000252   0x08000252   0x00000000   Code   RO         4758    .ARM.Collect$$libinit$$00000019  c_w.l(libinit2.o)
    0x08000252   0x08000252   0x00000000   Code   RO         4760    .ARM.Collect$$libinit$$0000001B  c_w.l(libinit2.o)
    0x08000252   0x08000252   0x00000000   Code   RO         4762    .ARM.Collect$$libinit$$0000001D  c_w.l(libinit2.o)
    0x08000252   0x08000252   0x00000000   Code   RO         4764    .ARM.Collect$$libinit$$0000001F  c_w.l(libinit2.o)
    0x08000252   0x08000252   0x00000000   Code   RO         4766    .ARM.Collect$$libinit$$00000021  c_w.l(libinit2.o)
    0x08000252   0x08000252   0x00000000   Code   RO         4768    .ARM.Collect$$libinit$$00000023  c_w.l(libinit2.o)
    0x08000252   0x08000252   0x00000000   Code   RO         4770    .ARM.Collect$$libinit$$00000025  c_w.l(libinit2.o)
    0x08000252   0x08000252   0x00000000   Code   RO         4774    .ARM.Collect$$libinit$$0000002C  c_w.l(libinit2.o)
    0x08000252   0x08000252   0x00000000   Code   RO         4776    .ARM.Collect$$libinit$$0000002E  c_w.l(libinit2.o)
    0x08000252   0x08000252   0x00000000   Code   RO         4778    .ARM.Collect$$libinit$$00000030  c_w.l(libinit2.o)
    0x08000252   0x08000252   0x00000000   Code   RO         4780    .ARM.Collect$$libinit$$00000032  c_w.l(libinit2.o)
    0x08000252   0x08000252   0x00000002   Code   RO         4781    .ARM.Collect$$libinit$$00000033  c_w.l(libinit2.o)
    0x08000254   0x08000254   0x00000002   Code   RO         4812    .ARM.Collect$$libshutdown$$00000000  c_w.l(libshutdown.o)
    0x08000256   0x08000256   0x00000000   Code   RO         4838    .ARM.Collect$$libshutdown$$00000002  c_w.l(libshutdown2.o)
    0x08000256   0x08000256   0x00000000   Code   RO         4840    .ARM.Collect$$libshutdown$$00000004  c_w.l(libshutdown2.o)
    0x08000256   0x08000256   0x00000000   Code   RO         4843    .ARM.Collect$$libshutdown$$00000007  c_w.l(libshutdown2.o)
    0x08000256   0x08000256   0x00000000   Code   RO         4846    .ARM.Collect$$libshutdown$$0000000A  c_w.l(libshutdown2.o)
    0x08000256   0x08000256   0x00000000   Code   RO         4848    .ARM.Collect$$libshutdown$$0000000C  c_w.l(libshutdown2.o)
    0x08000256   0x08000256   0x00000000   Code   RO         4851    .ARM.Collect$$libshutdown$$0000000F  c_w.l(libshutdown2.o)
    0x08000256   0x08000256   0x00000002   Code   RO         4852    .ARM.Collect$$libshutdown$$00000010  c_w.l(libshutdown2.o)
    0x08000258   0x08000258   0x00000000   Code   RO         4647    .ARM.Collect$$rtentry$$00000000  c_w.l(__rtentry.o)
    0x08000258   0x08000258   0x00000000   Code   RO         4689    .ARM.Collect$$rtentry$$00000002  c_w.l(__rtentry2.o)
    0x08000258   0x08000258   0x00000006   Code   RO         4701    .ARM.Collect$$rtentry$$00000004  c_w.l(__rtentry4.o)
    0x0800025e   0x0800025e   0x00000000   Code   RO         4691    .ARM.Collect$$rtentry$$00000009  c_w.l(__rtentry2.o)
    0x0800025e   0x0800025e   0x00000004   Code   RO         4692    .ARM.Collect$$rtentry$$0000000A  c_w.l(__rtentry2.o)
    0x08000262   0x08000262   0x00000000   Code   RO         4694    .ARM.Collect$$rtentry$$0000000C  c_w.l(__rtentry2.o)
    0x08000262   0x08000262   0x00000008   Code   RO         4695    .ARM.Collect$$rtentry$$0000000D  c_w.l(__rtentry2.o)
    0x0800026a   0x0800026a   0x00000002   Code   RO         4729    .ARM.Collect$$rtexit$$00000000  c_w.l(rtexit.o)
    0x0800026c   0x0800026c   0x00000000   Code   RO         4785    .ARM.Collect$$rtexit$$00000002  c_w.l(rtexit2.o)
    0x0800026c   0x0800026c   0x00000004   Code   RO         4786    .ARM.Collect$$rtexit$$00000003  c_w.l(rtexit2.o)
    0x08000270   0x08000270   0x00000006   Code   RO         4787    .ARM.Collect$$rtexit$$00000004  c_w.l(rtexit2.o)
    0x08000276   0x08000276   0x00000002   PAD
    0x08000278   0x08000278   0x000000be   Code   RO         4465    .emb_text           port.o
    0x08000336   0x08000336   0x00000002   PAD
    0x08000338   0x08000338   0x00000040   Code   RO            4    .text               startup_stm32f411xe.o
    0x08000378   0x08000378   0x000000ee   Code   RO         4544    .text               c_w.l(lludivv7m.o)
    0x08000466   0x08000466   0x00000064   Code   RO         4585    .text               c_w.l(rt_memcpy_w.o)
    0x080004ca   0x080004ca   0x00000010   Code   RO         4589    .text               c_w.l(aeabi_memset.o)
    0x080004da   0x080004da   0x00000044   Code   RO         4591    .text               c_w.l(rt_memclr.o)
    0x0800051e   0x0800051e   0x0000004e   Code   RO         4593    .text               c_w.l(rt_memclr_w.o)
    0x0800056c   0x0800056c   0x00000006   Code   RO         4595    .text               c_w.l(heapauxi.o)
    0x08000572   0x08000572   0x00000016   Code   RO         4652    .text               c_w.l(_rserrno.o)
    0x08000588   0x08000588   0x00000008   Code   RO         4708    .text               c_w.l(rt_errno_addr_intlibspace.o)
    0x08000590   0x08000590   0x00000008   Code   RO         4712    .text               c_w.l(libspace.o)
    0x08000598   0x08000598   0x0000004a   Code   RO         4715    .text               c_w.l(sys_stackheap_outer.o)
    0x080005e2   0x080005e2   0x00000012   Code   RO         4717    .text               c_w.l(exit.o)
    0x080005f4   0x080005f4   0x0000000c   Code   RO         4782    .text               c_w.l(sys_exit.o)
    0x08000600   0x08000600   0x00000002   Code   RO         4801    .text               c_w.l(use_no_semi.o)
    0x08000602   0x08000602   0x00000000   Code   RO         4803    .text               c_w.l(indicate_semi.o)
    0x08000602   0x08000602   0x00000002   PAD
    0x08000604   0x08000604   0x0000002c   Code   RO          179    i.BMI160_Read_Byte  bmx160.o
    0x08000630   0x08000630   0x00000024   Code   RO          180    i.BMI160_Write_Byte  bmx160.o
    0x08000654   0x08000654   0x0000022c   Code   RO          181    i.BMX160Init        bmx160.o
    0x08000880   0x08000880   0x00000002   Code   RO          665    i.BusFault_Handler  stm32f4xx_it.o
    0x08000882   0x08000882   0x00000002   PAD
    0x08000884   0x08000884   0x000001c0   Code   RO          182    i.Calibration_Mag   bmx160.o
    0x08000a44   0x08000a44   0x0000000c   Code   RO          666    i.DMA1_Stream0_IRQHandler  stm32f4xx_it.o
    0x08000a50   0x08000a50   0x0000000c   Code   RO          667    i.DMA1_Stream1_IRQHandler  stm32f4xx_it.o
    0x08000a5c   0x08000a5c   0x0000000c   Code   RO          668    i.DMA2_Stream5_IRQHandler  stm32f4xx_it.o
    0x08000a68   0x08000a68   0x0000000c   Code   RO          669    i.DMA2_Stream7_IRQHandler  stm32f4xx_it.o
    0x08000a74   0x08000a74   0x00000028   Code   RO         1296    i.DMA_CalcBaseAndBitshift  stm32f4xx_hal_dma.o
    0x08000a9c   0x08000a9c   0x00000054   Code   RO         1297    i.DMA_CheckFifoParam  stm32f4xx_hal_dma.o
    0x08000af0   0x08000af0   0x00000028   Code   RO         1298    i.DMA_SetConfig     stm32f4xx_hal_dma.o
    0x08000b18   0x08000b18   0x00000002   Code   RO          670    i.DebugMon_Handler  stm32f4xx_it.o
    0x08000b1a   0x08000b1a   0x00000002   Code   RO          329    i.Error_Handler     main.o
    0x08000b1c   0x08000b1c   0x00000024   Code   RO         1300    i.HAL_DMA_Abort_IT  stm32f4xx_hal_dma.o
    0x08000b40   0x08000b40   0x000001a0   Code   RO         1304    i.HAL_DMA_IRQHandler  stm32f4xx_hal_dma.o
    0x08000ce0   0x08000ce0   0x000000d4   Code   RO         1305    i.HAL_DMA_Init      stm32f4xx_hal_dma.o
    0x08000db4   0x08000db4   0x00000078   Code   RO         1309    i.HAL_DMA_Start_IT  stm32f4xx_hal_dma.o
    0x08000e2c   0x08000e2c   0x00000024   Code   RO         1742    i.HAL_Delay         stm32f4xx_hal.o
    0x08000e50   0x08000e50   0x00000188   Code   RO         1192    i.HAL_GPIO_Init     stm32f4xx_hal_gpio.o
    0x08000fd8   0x08000fd8   0x0000000a   Code   RO         1194    i.HAL_GPIO_ReadPin  stm32f4xx_hal_gpio.o
    0x08000fe2   0x08000fe2   0x0000000e   Code   RO         1195    i.HAL_GPIO_TogglePin  stm32f4xx_hal_gpio.o
    0x08000ff0   0x08000ff0   0x0000000a   Code   RO         1196    i.HAL_GPIO_WritePin  stm32f4xx_hal_gpio.o
    0x08000ffa   0x08000ffa   0x00000002   PAD
    0x08000ffc   0x08000ffc   0x0000000c   Code   RO         1748    i.HAL_GetTick       stm32f4xx_hal.o
    0x08001008   0x08001008   0x00000174   Code   RO         2001    i.HAL_I2C_Init      stm32f4xx_hal_i2c.o
    0x0800117c   0x0800117c   0x000001f8   Code   RO         2019    i.HAL_I2C_Mem_Read  stm32f4xx_hal_i2c.o
    0x08001374   0x08001374   0x00000130   Code   RO         2022    i.HAL_I2C_Mem_Write  stm32f4xx_hal_i2c.o
    0x080014a4   0x080014a4   0x000000d4   Code   RO          534    i.HAL_I2C_MspInit   i2c.o
    0x08001578   0x08001578   0x00000010   Code   RO         1754    i.HAL_IncTick       stm32f4xx_hal.o
    0x08001588   0x08001588   0x00000034   Code   RO         1755    i.HAL_Init          stm32f4xx_hal.o
    0x080015bc   0x080015bc   0x00000040   Code   RO         1756    i.HAL_InitTick      stm32f4xx_hal.o
    0x080015fc   0x080015fc   0x00000038   Code   RO          759    i.HAL_MspInit       stm32f4xx_hal_msp.o
    0x08001634   0x08001634   0x0000001a   Code   RO         1605    i.HAL_NVIC_EnableIRQ  stm32f4xx_hal_cortex.o
    0x0800164e   0x0800164e   0x00000002   PAD
    0x08001650   0x08001650   0x00000040   Code   RO         1611    i.HAL_NVIC_SetPriority  stm32f4xx_hal_cortex.o
    0x08001690   0x08001690   0x00000024   Code   RO         1612    i.HAL_NVIC_SetPriorityGrouping  stm32f4xx_hal_cortex.o
    0x080016b4   0x080016b4   0x00000154   Code   RO          889    i.HAL_RCCEx_PeriphCLKConfig  stm32f4xx_hal_rcc_ex.o
    0x08001808   0x08001808   0x00000130   Code   RO          784    i.HAL_RCC_ClockConfig  stm32f4xx_hal_rcc.o
    0x08001938   0x08001938   0x00000020   Code   RO          791    i.HAL_RCC_GetPCLK1Freq  stm32f4xx_hal_rcc.o
    0x08001958   0x08001958   0x00000020   Code   RO          792    i.HAL_RCC_GetPCLK2Freq  stm32f4xx_hal_rcc.o
    0x08001978   0x08001978   0x00000064   Code   RO          793    i.HAL_RCC_GetSysClockFreq  stm32f4xx_hal_rcc.o
    0x080019dc   0x080019dc   0x0000031c   Code   RO          796    i.HAL_RCC_OscConfig  stm32f4xx_hal_rcc.o
    0x08001cf8   0x08001cf8   0x000000ac   Code   RO         2450    i.HAL_RTC_Init      stm32f4xx_hal_rtc.o
    0x08001da4   0x08001da4   0x00000018   Code   RO          582    i.HAL_RTC_MspInit   rtc.o
    0x08001dbc   0x08001dbc   0x00000036   Code   RO         2458    i.HAL_RTC_WaitForSynchro  stm32f4xx_hal_rtc.o
    0x08001df2   0x08001df2   0x00000028   Code   RO         1616    i.HAL_SYSTICK_Config  stm32f4xx_hal_cortex.o
    0x08001e1a   0x08001e1a   0x00000002   Code   RO         2864    i.HAL_UART_ErrorCallback  stm32f4xx_hal_uart.o
    0x08001e1c   0x08001e1c   0x00000110   Code   RO         2867    i.HAL_UART_IRQHandler  stm32f4xx_hal_uart.o
    0x08001f2c   0x08001f2c   0x00000062   Code   RO         2868    i.HAL_UART_Init     stm32f4xx_hal_uart.o
    0x08001f8e   0x08001f8e   0x00000002   PAD
    0x08001f90   0x08001f90   0x000000ec   Code   RO          624    i.HAL_UART_MspInit  usart.o
    0x0800207c   0x0800207c   0x00000098   Code   RO         2872    i.HAL_UART_Receive_DMA  stm32f4xx_hal_uart.o
    0x08002114   0x08002114   0x00000068   Code   RO          438    i.HAL_UART_RxCpltCallback  freertos.o
    0x0800217c   0x0800217c   0x00000002   Code   RO         2875    i.HAL_UART_RxHalfCpltCallback  stm32f4xx_hal_uart.o
    0x0800217e   0x0800217e   0x00000002   PAD
    0x08002180   0x08002180   0x00000080   Code   RO         2877    i.HAL_UART_Transmit_DMA  stm32f4xx_hal_uart.o
    0x08002200   0x08002200   0x00000002   Code   RO         2879    i.HAL_UART_TxCpltCallback  stm32f4xx_hal_uart.o
    0x08002202   0x08002202   0x00000002   Code   RO         2880    i.HAL_UART_TxHalfCpltCallback  stm32f4xx_hal_uart.o
    0x08002204   0x08002204   0x00000002   Code   RO          671    i.HardFault_Handler  stm32f4xx_it.o
    0x08002206   0x08002206   0x0000002e   Code   RO         2043    i.I2C_IsAcknowledgeFailed  stm32f4xx_hal_i2c.o
    0x08002234   0x08002234   0x000000e6   Code   RO         2052    i.I2C_RequestMemoryRead  stm32f4xx_hal_i2c.o
    0x0800231a   0x0800231a   0x00000002   PAD
    0x0800231c   0x0800231c   0x00000094   Code   RO         2053    i.I2C_RequestMemoryWrite  stm32f4xx_hal_i2c.o
    0x080023b0   0x080023b0   0x0000004c   Code   RO         2056    i.I2C_WaitOnBTFFlagUntilTimeout  stm32f4xx_hal_i2c.o
    0x080023fc   0x080023fc   0x00000068   Code   RO         2057    i.I2C_WaitOnFlagUntilTimeout  stm32f4xx_hal_i2c.o
    0x08002464   0x08002464   0x00000096   Code   RO         2058    i.I2C_WaitOnMasterAddressFlagUntilTimeout  stm32f4xx_hal_i2c.o
    0x080024fa   0x080024fa   0x00000066   Code   RO         2059    i.I2C_WaitOnRXNEFlagUntilTimeout  stm32f4xx_hal_i2c.o
    0x08002560   0x08002560   0x0000004c   Code   RO         2060    i.I2C_WaitOnTXEFlagUntilTimeout  stm32f4xx_hal_i2c.o
    0x080025ac   0x080025ac   0x0000006c   Code   RO          509    i.MX_DMA_Init       dma.o
    0x08002618   0x08002618   0x00000028   Code   RO          439    i.MX_FREERTOS_Init  freertos.o
    0x08002640   0x08002640   0x000000f0   Code   RO          414    i.MX_GPIO_Init      gpio.o
    0x08002730   0x08002730   0x00000040   Code   RO          535    i.MX_I2C1_Init      i2c.o
    0x08002770   0x08002770   0x00000034   Code   RO          583    i.MX_RTC_Init       rtc.o
    0x080027a4   0x080027a4   0x00000038   Code   RO          625    i.MX_USART1_UART_Init  usart.o
    0x080027dc   0x080027dc   0x00000002   Code   RO          672    i.MemManage_Handler  stm32f4xx_it.o
    0x080027de   0x080027de   0x00000002   Code   RO          673    i.NMI_Handler       stm32f4xx_it.o
    0x080027e0   0x080027e0   0x0000003a   Code   RO         2461    i.RTC_EnterInitMode  stm32f4xx_hal_rtc.o
    0x0800281a   0x0800281a   0x00000002   PAD
    0x0800281c   0x0800281c   0x00000020   Code   RO          183    i.ReadRegister      bmx160.o
    0x0800283c   0x0800283c   0x0000026c   Code   RO          440    i.StartDefaultTask  freertos.o
    0x08002aa8   0x08002aa8   0x00000018   Code   RO          674    i.SysTick_Handler   stm32f4xx_it.o
    0x08002ac0   0x08002ac0   0x00000098   Code   RO          330    i.SystemClock_Config  main.o
    0x08002b58   0x08002b58   0x00000054   Code   RO         3170    i.SystemInit        system_stm32f4xx.o
    0x08002bac   0x08002bac   0x00000010   Code   RO         2881    i.UART_DMAAbortOnError  stm32f4xx_hal_uart.o
    0x08002bbc   0x08002bbc   0x0000004a   Code   RO         2882    i.UART_DMAError     stm32f4xx_hal_uart.o
    0x08002c06   0x08002c06   0x0000003c   Code   RO         2883    i.UART_DMAReceiveCplt  stm32f4xx_hal_uart.o
    0x08002c42   0x08002c42   0x0000000a   Code   RO         2885    i.UART_DMARxHalfCplt  stm32f4xx_hal_uart.o
    0x08002c4c   0x08002c4c   0x0000002e   Code   RO         2887    i.UART_DMATransmitCplt  stm32f4xx_hal_uart.o
    0x08002c7a   0x08002c7a   0x0000000a   Code   RO         2889    i.UART_DMATxHalfCplt  stm32f4xx_hal_uart.o
    0x08002c84   0x08002c84   0x0000001c   Code   RO         2891    i.UART_EndRxTransfer  stm32f4xx_hal_uart.o
    0x08002ca0   0x08002ca0   0x00000012   Code   RO         2892    i.UART_EndTxTransfer  stm32f4xx_hal_uart.o
    0x08002cb2   0x08002cb2   0x00000096   Code   RO         2893    i.UART_Receive_IT   stm32f4xx_hal_uart.o
    0x08002d48   0x08002d48   0x000002ac   Code   RO         2894    i.UART_SetConfig    stm32f4xx_hal_uart.o
    0x08002ff4   0x08002ff4   0x00000062   Code   RO         2895    i.UART_Transmit_IT  stm32f4xx_hal_uart.o
    0x08003056   0x08003056   0x00000002   PAD
    0x08003058   0x08003058   0x0000000c   Code   RO          675    i.USART1_IRQHandler  stm32f4xx_it.o
    0x08003064   0x08003064   0x00000002   Code   RO          676    i.UsageFault_Handler  stm32f4xx_it.o
    0x08003066   0x08003066   0x00000002   PAD
    0x08003068   0x08003068   0x00000028   Code   RO           14    i.WLL_BLE240_Init   bluetooth.o
    0x08003090   0x08003090   0x00000026   Code   RO         4672    i.__ARM_fpclassifyf  m_wm.l(fpclassifyf.o)
    0x080030b6   0x080030b6   0x00000020   Code   RO         1618    i.__NVIC_SetPriority  stm32f4xx_hal_cortex.o
    0x080030d6   0x080030d6   0x00000002   PAD
    0x080030d8   0x080030d8   0x0000012c   Code   RO         4611    i.__hardfp_asinf    m_wm.l(asinf.o)
    0x08003204   0x08003204   0x00000250   Code   RO         4623    i.__hardfp_atan2f   m_wm.l(atan2f.o)
    0x08003454   0x08003454   0x0000003a   Code   RO         4635    i.__hardfp_sqrtf    m_wm.l(sqrtf.o)
    0x0800348e   0x0800348e   0x00000006   Code   RO         4675    i.__mathlib_flt_infnan  m_wm.l(funder.o)
    0x08003494   0x08003494   0x00000006   Code   RO         4676    i.__mathlib_flt_infnan2  m_wm.l(funder.o)
    0x0800349a   0x0800349a   0x00000002   PAD
    0x0800349c   0x0800349c   0x00000010   Code   RO         4677    i.__mathlib_flt_invalid  m_wm.l(funder.o)
    0x080034ac   0x080034ac   0x00000010   Code   RO         4680    i.__mathlib_flt_underflow  m_wm.l(funder.o)
    0x080034bc   0x080034bc   0x0000024c   Code   RO          184    i.computeEuler      bmx160.o
    0x08003708   0x08003708   0x0000031c   Code   RO          295    i.imu_solution_6axis  madgwick_bmx160.o
    0x08003a24   0x08003a24   0x000005a0   Code   RO          296    i.imu_solution_9axis  madgwick_bmx160.o
    0x08003fc4   0x08003fc4   0x0000003c   Code   RO          297    i.invSqrt           madgwick_bmx160.o
    0x08004000   0x08004000   0x00000046   Code   RO          257    i.kalmanFilter      kalman_filter.o
    0x08004046   0x08004046   0x00000026   Code   RO          331    i.main              main.o
    0x0800406c   0x0800406c   0x0000000c   Code   RO         4025    i.makeFreeRtosPriority  cmsis_os.o
    0x08004078   0x08004078   0x00000188   Code   RO          536    i.myI2C_REST        i2c.o
    0x08004200   0x08004200   0x0000000e   Code   RO         4027    i.osDelay           cmsis_os.o
    0x0800420e   0x0800420e   0x0000000a   Code   RO         4030    i.osKernelStart     cmsis_os.o
    0x08004218   0x08004218   0x0000002e   Code   RO         4064    i.osThreadCreate    cmsis_os.o
    0x08004246   0x08004246   0x00000002   PAD
    0x08004248   0x08004248   0x00000070   Code   RO         3678    i.prvAddCurrentTaskToDelayedList  tasks.o
    0x080042b8   0x080042b8   0x000000d0   Code   RO         3679    i.prvAddNewTaskToReadyList  tasks.o
    0x08004388   0x08004388   0x00000014   Code   RO         3680    i.prvDeleteTCB      tasks.o
    0x0800439c   0x0800439c   0x0000004c   Code   RO         4404    i.prvHeapInit       heap_4.o
    0x080043e8   0x080043e8   0x00000060   Code   RO         3681    i.prvIdleTask       tasks.o
    0x08004448   0x08004448   0x0000009c   Code   RO         3682    i.prvInitialiseNewTask  tasks.o
    0x080044e4   0x080044e4   0x0000004c   Code   RO         4405    i.prvInsertBlockIntoFreeList  heap_4.o
    0x08004530   0x08004530   0x00000020   Code   RO         3684    i.prvResetNextTaskUnblockTime  tasks.o
    0x08004550   0x08004550   0x00000028   Code   RO         4466    i.prvTaskExitError  port.o
    0x08004578   0x08004578   0x000000d8   Code   RO         4406    i.pvPortMalloc      heap_4.o
    0x08004650   0x08004650   0x0000002c   Code   RO         4467    i.pxPortInitialiseStack  port.o
    0x0800467c   0x0800467c   0x0000003e   Code   RO         4637    i.sqrtf             m_wm.l(sqrtf.o)
    0x080046ba   0x080046ba   0x00000026   Code   RO         3314    i.uxListRemove      list.o
    0x080046e0   0x080046e0   0x00000002   Code   RO          441    i.vApplicationStackOverflowHook  freertos.o
    0x080046e2   0x080046e2   0x00000016   Code   RO         3315    i.vListInitialise   list.o
    0x080046f8   0x080046f8   0x00000006   Code   RO         3316    i.vListInitialiseItem  list.o
    0x080046fe   0x080046fe   0x00000030   Code   RO         3317    i.vListInsert       list.o
    0x0800472e   0x0800472e   0x00000018   Code   RO         3318    i.vListInsertEnd    list.o
    0x08004746   0x08004746   0x00000002   PAD
    0x08004748   0x08004748   0x00000040   Code   RO         4469    i.vPortEnterCritical  port.o
    0x08004788   0x08004788   0x00000028   Code   RO         4470    i.vPortExitCritical  port.o
    0x080047b0   0x080047b0   0x0000005c   Code   RO         4407    i.vPortFree         heap_4.o
    0x0800480c   0x0800480c   0x00000024   Code   RO         4471    i.vPortSetupTimerInterrupt  port.o
    0x08004830   0x08004830   0x0000004c   Code   RO         3694    i.vTaskDelay        tasks.o
    0x0800487c   0x0800487c   0x0000008c   Code   RO         3695    i.vTaskDelayUntil   tasks.o
    0x08004908   0x08004908   0x00000068   Code   RO         3711    i.vTaskStartScheduler  tasks.o
    0x08004970   0x08004970   0x00000010   Code   RO         3713    i.vTaskSuspendAll   tasks.o
    0x08004980   0x08004980   0x00000088   Code   RO         3714    i.vTaskSwitchContext  tasks.o
    0x08004a08   0x08004a08   0x000000f4   Code   RO         4473    i.xPortStartScheduler  port.o
    0x08004afc   0x08004afc   0x0000002c   Code   RO         4474    i.xPortSysTickHandler  port.o
    0x08004b28   0x08004b28   0x00000056   Code   RO         3716    i.xTaskCreate       tasks.o
    0x08004b7e   0x08004b7e   0x00000002   PAD
    0x08004b80   0x08004b80   0x0000001c   Code   RO         3720    i.xTaskGetSchedulerState  tasks.o
    0x08004b9c   0x08004b9c   0x0000000c   Code   RO         3721    i.xTaskGetTickCount  tasks.o
    0x08004ba8   0x08004ba8   0x000000c8   Code   RO         3723    i.xTaskIncrementTick  tasks.o
    0x08004c70   0x08004c70   0x000000c4   Code   RO         3729    i.xTaskResumeAll    tasks.o
    0x08004d34   0x08004d34   0x00000062   Code   RO         4599    x$fpl$d2f           fz_wm.l(d2f.o)
    0x08004d96   0x08004d96   0x00000002   PAD
    0x08004d98   0x08004d98   0x00000150   Code   RO         4601    x$fpl$dadd          fz_wm.l(daddsub_clz.o)
    0x08004ee8   0x08004ee8   0x00000154   Code   RO         4607    x$fpl$dmul          fz_wm.l(dmul.o)
    0x0800503c   0x0800503c   0x0000009c   Code   RO         4663    x$fpl$dnaninf       fz_wm.l(dnaninf.o)
    0x080050d8   0x080050d8   0x0000000c   Code   RO         4665    x$fpl$dretinf       fz_wm.l(dretinf.o)
    0x080050e4   0x080050e4   0x000001d4   Code   RO         4603    x$fpl$dsub          fz_wm.l(daddsub_clz.o)
    0x080052b8   0x080052b8   0x00000056   Code   RO         4609    x$fpl$f2d           fz_wm.l(f2d.o)
    0x0800530e   0x0800530e   0x0000008c   Code   RO         4667    x$fpl$fnaninf       fz_wm.l(fnaninf.o)
    0x0800539a   0x0800539a   0x0000000a   Code   RO         4797    x$fpl$fpinit        fz_wm.l(fpinit.o)
    0x080053a4   0x080053a4   0x0000000a   Code   RO         4669    x$fpl$fretinf       fz_wm.l(fretinf.o)
    0x080053ae   0x080053ae   0x00000000   Code   RO         4671    x$fpl$usenofp       fz_wm.l(usenofp.o)
    0x080053ae   0x080053ae   0x00000002   PAD
    0x080053b0   0x080053b0   0x00000014   Data   RO          443    .constdata          freertos.o
    0x080053c4   0x080053c4   0x00000008   Data   RO         1311    .constdata          stm32f4xx_hal_dma.o
    0x080053cc   0x080053cc   0x00000010   Data   RO         3171    .constdata          system_stm32f4xx.o
    0x080053dc   0x080053dc   0x00000008   Data   RO         3172    .constdata          system_stm32f4xx.o
    0x080053e4   0x080053e4   0x0000000c   Data   RO          444    .conststring        freertos.o
    0x080053f0   0x080053f0   0x00000020   Data   RO         4853    Region$$Table       anon$$obj.o


    Execution Region RW_IRAM1 (Exec base: 0x20000000, Load base: 0x08005410, Size: 0x00019668, Max: 0x00020000, ABSOLUTE, COMPRESSED[0x0000004c])

    Exec Addr    Load Addr    Size         Type   Attr      Idx    E Section Name        Object

    0x20000000   COMPRESSED   0x00000001   Data   RW          188    .data               bmx160.o
    0x20000001   COMPRESSED   0x00000003   PAD
    0x20000004   COMPRESSED   0x00000018   Data   RW          258    .data               kalman_filter.o
    0x2000001c   COMPRESSED   0x00000018   Data   RW          259    .data               kalman_filter.o
    0x20000034   COMPRESSED   0x00000018   Data   RW          260    .data               kalman_filter.o
    0x2000004c   COMPRESSED   0x00000018   Data   RW          261    .data               kalman_filter.o
    0x20000064   COMPRESSED   0x00000018   Data   RW          262    .data               kalman_filter.o
    0x2000007c   COMPRESSED   0x00000018   Data   RW          263    .data               kalman_filter.o
    0x20000094   COMPRESSED   0x00000018   Data   RW          264    .data               kalman_filter.o
    0x200000ac   COMPRESSED   0x00000018   Data   RW          265    .data               kalman_filter.o
    0x200000c4   COMPRESSED   0x00000018   Data   RW          266    .data               kalman_filter.o
    0x200000dc   COMPRESSED   0x00000018   Data   RW          267    .data               kalman_filter.o
    0x200000f4   COMPRESSED   0x00000018   Data   RW          268    .data               kalman_filter.o
    0x2000010c   COMPRESSED   0x00000018   Data   RW          269    .data               kalman_filter.o
    0x20000124   COMPRESSED   0x00000010   Data   RW          299    .data               madgwick_bmx160.o
    0x20000134   COMPRESSED   0x0000001a   Data   RW          445    .data               freertos.o
    0x2000014e   COMPRESSED   0x00000002   PAD
    0x20000150   COMPRESSED   0x0000000c   Data   RW         1762    .data               stm32f4xx_hal.o
    0x2000015c   COMPRESSED   0x00000004   Data   RW         3173    .data               system_stm32f4xx.o
    0x20000160   COMPRESSED   0x0000003c   Data   RW         3732    .data               tasks.o
    0x2000019c   COMPRESSED   0x00000018   Data   RW         4412    .data               heap_4.o
    0x200001b4   COMPRESSED   0x0000000c   Data   RW         4475    .data               port.o
    0x200001c0        -       0x00000050   Zero   RW          186    .bss                bmx160.o
    0x20000210        -       0x0000000c   Zero   RW          298    .bss                madgwick_bmx160.o
    0x2000021c        -       0x000000c8   Zero   RW          442    .bss                freertos.o
    0x200002e4        -       0x00000114   Zero   RW          537    .bss                i2c.o
    0x200003f8        -       0x00000020   Zero   RW          584    .bss                rtc.o
    0x20000418        -       0x00000100   Zero   RW          626    .bss                usart.o
    0x20000518        -       0x000000f0   Zero   RW         3731    .bss                tasks.o
    0x20000608        -       0x00014000   Zero   RW         4411    .bss                heap_4.o
    0x20014608        -       0x00000060   Zero   RW         4713    .bss                c_w.l(libspace.o)
    0x20014668        -       0x00001000   Zero   RW            2    HEAP                startup_stm32f411xe.o
    0x20015668        -       0x00004000   Zero   RW            1    STACK               startup_stm32f411xe.o


==============================================================================

Image component sizes


      Code (inc. data)   RO Data    RW Data    ZI Data      Debug   Object Name

        40          8          0          0          0     408006   bluetooth.o
      1704        156          0          1         80       9876   bmx160.o
        82          0          0          0          0      13033   cmsis_os.o
       108          4          0          0          0        886   dma.o
         0          0          0          0          0       9576   event_groups.o
       766         84         32         26        200       4227   freertos.o
       240         22          0          0          0       1047   gpio.o
       460         24          0         24      81920       7499   heap_4.o
       668         46          0          0        276       3028   i2c.o
        70          0          0        288          0       2003   kalman_filter.o
       138          0          0          0          0       3698   list.o
      2296         70          0         16         12       5122   madgwick_bmx160.o
       192          8          0          0          0      22936   main.o
       702         72          0         12          0      11372   port.o
        76         16          0          0         32       1575   rtc.o
        64         26        408          0      20480        868   startup_stm32f411xe.o
       180         28          0         12          0       4749   stm32f4xx_hal.o
       198         14          0          0          0      34099   stm32f4xx_hal_cortex.o
       948         16          8          0          0       6674   stm32f4xx_hal_dma.o
       426         34          0          0          0       3812   stm32f4xx_hal_gpio.o
      2112         44          0          0          0      12918   stm32f4xx_hal_i2c.o
        56          4          0          0          0        918   stm32f4xx_hal_msp.o
      1264         80          0          0          0       5304   stm32f4xx_hal_rcc.o
       340         26          0          0          0       1452   stm32f4xx_hal_rcc_ex.o
       284          6          0          0          0       2964   stm32f4xx_hal_rtc.o
      1852         42          0          0          0      13828   stm32f4xx_hal_uart.o
        96         30          0          0          0       6023   stm32f4xx_it.o
        84         18         24          4          0       1259   system_stm32f4xx.o
      1618        128          0         60        240      18129   tasks.o
       292         30          0          0        256       2004   usart.o

    ----------------------------------------------------------------------
     17384       1036        504        448     103496     618885   Object Totals
         0          0         32          0          0          0   (incl. Generated)
        28          0          0          5          0          0   (incl. Padding)

    ----------------------------------------------------------------------

      Code (inc. data)   RO Data    RW Data    ZI Data      Debug   Library Member Name

        90          0          0          0          0          0   __dczerorl2.o
         8          0          0          0          0         68   __main.o
         0          0          0          0          0          0   __rtentry.o
        12          0          0          0          0          0   __rtentry2.o
         6          0          0          0          0          0   __rtentry4.o
        52          8          0          0          0          0   __scatter.o
        28          0          0          0          0          0   __scatter_zi.o
        22          0          0          0          0        100   _rserrno.o
        16          0          0          0          0         68   aeabi_memset.o
        18          0          0          0          0         80   exit.o
         6          0          0          0          0        152   heapauxi.o
         0          0          0          0          0          0   indicate_semi.o
         2          0          0          0          0          0   libinit.o
         6          0          0          0          0          0   libinit2.o
         2          0          0          0          0          0   libshutdown.o
         2          0          0          0          0          0   libshutdown2.o
         8          4          0          0         96         68   libspace.o
       238          0          0          0          0        100   lludivv7m.o
         8          4          0          0          0         68   rt_errno_addr_intlibspace.o
        68          0          0          0          0         68   rt_memclr.o
        78          0          0          0          0         80   rt_memclr_w.o
       100          0          0          0          0         80   rt_memcpy_w.o
         2          0          0          0          0          0   rtexit.o
        10          0          0          0          0          0   rtexit2.o
        12          4          0          0          0         68   sys_exit.o
        74          0          0          0          0         80   sys_stackheap_outer.o
         2          0          0          0          0         68   use_no_semi.o
        98          4          0          0          0        140   d2f.o
       804         16          0          0          0        368   daddsub_clz.o
       340         12          0          0          0        152   dmul.o
       156          4          0          0          0        140   dnaninf.o
        12          0          0          0          0        116   dretinf.o
        86          4          0          0          0        132   f2d.o
       140          4          0          0          0        132   fnaninf.o
        10          0          0          0          0        116   fpinit.o
        10          0          0          0          0        116   fretinf.o
         0          0          0          0          0          0   usenofp.o
       300         42          0          0          0        176   asinf.o
       592         90          0          0          0        184   atan2f.o
        38          0          0          0          0        116   fpclassifyf.o
        44         12          0          0          0        464   funder.o
       120          0          0          0          0        272   sqrtf.o

    ----------------------------------------------------------------------
      3632        208          0          0         96       3772   Library Totals
        12          0          0          0          0          0   (incl. Padding)

    ----------------------------------------------------------------------

      Code (inc. data)   RO Data    RW Data    ZI Data      Debug   Library Name

       870         20          0          0         96       1148   c_w.l
      1656         44          0          0          0       1412   fz_wm.l
      1094        144          0          0          0       1212   m_wm.l

    ----------------------------------------------------------------------
      3632        208          0          0         96       3772   Library Totals

    ----------------------------------------------------------------------

==============================================================================


      Code (inc. data)   RO Data    RW Data    ZI Data      Debug   

     21016       1244        504        448     103592     607437   Grand Totals
     21016       1244        504         76     103592     607437   ELF Image Totals (compressed)
     21016       1244        504         76          0          0   ROM Totals

==============================================================================

    Total RO  Size (Code + RO Data)                21520 (  21.02kB)
    Total RW  Size (RW Data + ZI Data)            104040 ( 101.60kB)
    Total ROM Size (Code + RO Data + RW Data)      21596 (  21.09kB)

==============================================================================

