<html>
<body>
<pre>
<h1>µVision Build Log</h1>
<h2>Tool Versions:</h2>
IDE-Version: ¦ÌVision V5.25.2.0
Copyright (C) 2018 ARM Ltd and ARM Germany GmbH. All rights reserved.
License Information: Hexagon Hexagon, Hexagon, LIC=9WSKC-70C6A-LQ10Q-N15GQ-WSZ4S-XRYYT
 
Tool Versions:
Toolchain:       MDK-ARM Plus  Version: 5.25.2.0
Toolchain Path:  D:\Keil\ARM\ARMCC\Bin
C Compiler:      Armcc.exe V5.06 update 6 (build 750)
Assembler:       Armasm.exe V5.06 update 6 (build 750)
Linker/Locator:  ArmLink.exe V5.06 update 6 (build 750)
Library Manager: ArmAr.exe V5.06 update 6 (build 750)
Hex Converter:   FromElf.exe V5.06 update 6 (build 750)
CPU DLL:         SARMCM3.DLL V5.25.2.0
Dialog DLL:      DCM.DLL V1.17.1.0
Target DLL:      CMSIS_AGDI.dll V1.29.10.0
Dialog DLL:      TCM.DLL V1.35.1.0
 
<h2>Project:</h2>
D:\_company\_Joybots\_mcuBMX160IMU\STM32F411_BMI160_FLASH_V1.1\MDK-ARM\stm32f411_Printf.uvprojx
Project File Date:  06/07/2022

<h2>Output:</h2>
*** Using Compiler 'V5.06 update 6 (build 750)', folder: 'D:\Keil\ARM\ARMCC\Bin'
Rebuild target 'stm32f411_Printf'
assembling startup_stm32f411xe.s...
compiling Madgwick_BMX160.c...
..\HardWare\Madgwick_BMX160.c(246): warning:  #1-D: last line of file ends without a newline
  }
..\HardWare\Madgwick_BMX160.c: 1 warning, 0 errors
compiling dma.c...
compiling Kalman_Filter.c...
..\HardWare\Kalman_Filter.c(65): warning:  #1-D: last line of file ends without a newline
  //kalman_height = kalmanFilter(&KFP_height,(float)height);
..\HardWare\Kalman_Filter.c: 1 warning, 0 errors
compiling usart.c...
compiling gpio.c...
compiling rtc.c...
compiling bluetooth.c...
compiling i2c.c...
compiling bmx160.c...
..\HardWare\bmx160.c(12): warning:  #188-D: enumerated type mixed with another type
  HAL_StatusTypeDef read_status = 0;
..\HardWare\bmx160.c(54): warning:  #177-D: variable "delayValueMs"  was declared but never referenced
  		uint16_t delayValueMs = 40;
..\HardWare\bmx160.c(214): warning:  #177-D: variable "count"  was declared but never referenced
  		uint8_t count = 0;
..\HardWare\bmx160.c(215): warning:  #177-D: variable "i"  was declared but never referenced
  		uint8_t i = 0;
..\HardWare\bmx160.c(217): warning:  #177-D: variable "gyrSqrt"  was declared but never referenced
  		float gyrSqrt = 0.0f;
..\HardWare\bmx160.c(218): warning:  #177-D: variable "last_Pitch"  was declared but never referenced
  		static float last_Pitch=0.0f,last_Yaw=0.0f,last_Roll=0.0f;
..\HardWare\bmx160.c(218): warning:  #177-D: variable "last_Yaw"  was declared but never referenced
  		static float last_Pitch=0.0f,last_Yaw=0.0f,last_Roll=0.0f;
..\HardWare\bmx160.c(218): warning:  #177-D: variable "last_Roll"  was declared but never referenced
  		static float last_Pitch=0.0f,last_Yaw=0.0f,last_Roll=0.0f;
..\HardWare\bmx160.c: 8 warnings, 0 errors
compiling main.c...
compiling stm32f4xx_it.c...
../Core/Src/stm32f4xx_it.c(171): warning:  #223-D: function "xPortSysTickHandler" declared implicitly
    xPortSysTickHandler();
../Core/Src/stm32f4xx_it.c: 1 warning, 0 errors
compiling freertos.c...
../Core/Src/freertos.c(76): warning:  #177-D: variable "tempTime"  was declared but never referenced
  	uint32_t tempTime = 0;
../Core/Src/freertos.c(78): warning:  #177-D: variable "isSetErrorRTC"  was declared but never referenced
  	uint8_t isSetErrorRTC = 0;
../Core/Src/freertos.c: 2 warnings, 0 errors
compiling stm32f4xx_hal_msp.c...
compiling stm32f4xx_hal_flash_ex.c...
compiling stm32f4xx_hal_rcc_ex.c...
compiling stm32f4xx_hal_gpio.c...
compiling stm32f4xx_hal_flash_ramfunc.c...
compiling stm32f4xx_hal_flash.c...
compiling stm32f4xx_hal_pwr.c...
compiling stm32f4xx_hal_rcc.c...
compiling stm32f4xx_hal_pwr_ex.c...
compiling stm32f4xx_hal_dma.c...
compiling stm32f4xx_hal_dma_ex.c...
compiling stm32f4xx_hal_cortex.c...
compiling stm32f4xx_hal_tim_ex.c...
compiling stm32f4xx_hal_i2c_ex.c...
compiling stm32f4xx_hal_tim.c...
compiling stm32f4xx_hal.c...
compiling stm32f4xx_hal_exti.c...
compiling stm32f4xx_hal_rtc.c...
compiling system_stm32f4xx.c...
compiling croutine.c...
compiling stm32f4xx_hal_rtc_ex.c...
compiling list.c...
compiling event_groups.c...
compiling stm32f4xx_hal_uart.c...
compiling timers.c...
compiling heap_4.c...
compiling queue.c...
compiling stream_buffer.c...
compiling port.c...
compiling cmsis_os.c...
compiling tasks.c...
compiling stm32f4xx_hal_i2c.c...
linking...
Program Size: Code=21016 RO-data=504 RW-data=448 ZI-data=103592  
FromELF: creating hex file...
"stm32f411_Printf\stm32f411_Printf.axf" - 0 Error(s), 13 Warning(s).

<h2>Software Packages used:</h2>

Package Vendor: ARM
                http://www.keil.com/pack/ARM.CMSIS.5.3.0.pack
                ARM.CMSIS.5.3.0
                CMSIS (Cortex Microcontroller Software Interface Standard)
   * Component: CORE Version: 5.1.1

Package Vendor: Keil
                http://www.keil.com/pack/Keil.STM32F4xx_DFP.2.13.0.pack
                Keil.STM32F4xx_DFP.2.13.0
                STMicroelectronics STM32F4 Series Device Support, Drivers and Examples

<h2>Collection of Component include folders:</h2>
  .\RTE\_stm32f411_Printf
  D:\Keil\ARM\PACK\ARM\CMSIS\5.3.0\CMSIS\Include
  D:\Keil\ARM\PACK\Keil\STM32F4xx_DFP\2.13.0\Drivers\CMSIS\Device\ST\STM32F4xx\Include

<h2>Collection of Component Files used:</h2>

   * Component: ARM::CMSIS:CORE:5.1.1
Build Time Elapsed:  00:00:06
</pre>
</body>
</html>
